Archive member included to satisfy reference by file (symbol)

C:/msys64/mingw64/bin/../lib/gcc/arm-none-eabi/13.3.0/../../../../arm-none-eabi/lib/thumb/v7e-m+fp/hard\libc_nano.a(libc_a-atexit.o)
                              C:/msys64/mingw64/bin/../lib/gcc/arm-none-eabi/13.3.0/../../../../arm-none-eabi/lib/thumb/v7e-m+fp/hard/crt0.o (atexit)
C:/msys64/mingw64/bin/../lib/gcc/arm-none-eabi/13.3.0/../../../../arm-none-eabi/lib/thumb/v7e-m+fp/hard\libc_nano.a(libc_a-exit.o)
                              C:/msys64/mingw64/bin/../lib/gcc/arm-none-eabi/13.3.0/../../../../arm-none-eabi/lib/thumb/v7e-m+fp/hard/crt0.o (exit)
C:/msys64/mingw64/bin/../lib/gcc/arm-none-eabi/13.3.0/../../../../arm-none-eabi/lib/thumb/v7e-m+fp/hard\libc_nano.a(libc_a-findfp.o)
                              C:/msys64/mingw64/bin/../lib/gcc/arm-none-eabi/13.3.0/../../../../arm-none-eabi/lib/thumb/v7e-m+fp/hard\libc_nano.a(libc_a-exit.o) (__stdio_exit_handler)
C:/msys64/mingw64/bin/../lib/gcc/arm-none-eabi/13.3.0/../../../../arm-none-eabi/lib/thumb/v7e-m+fp/hard\libc_nano.a(libc_a-fwalk.o)
                              C:/msys64/mingw64/bin/../lib/gcc/arm-none-eabi/13.3.0/../../../../arm-none-eabi/lib/thumb/v7e-m+fp/hard\libc_nano.a(libc_a-findfp.o) (_fwalk_sglue)
C:/msys64/mingw64/bin/../lib/gcc/arm-none-eabi/13.3.0/../../../../arm-none-eabi/lib/thumb/v7e-m+fp/hard\libc_nano.a(libc_a-stdio.o)
                              C:/msys64/mingw64/bin/../lib/gcc/arm-none-eabi/13.3.0/../../../../arm-none-eabi/lib/thumb/v7e-m+fp/hard\libc_nano.a(libc_a-findfp.o) (__sread)
C:/msys64/mingw64/bin/../lib/gcc/arm-none-eabi/13.3.0/../../../../arm-none-eabi/lib/thumb/v7e-m+fp/hard\libc_nano.a(libc_a-memset.o)
                              C:/msys64/mingw64/bin/../lib/gcc/arm-none-eabi/13.3.0/../../../../arm-none-eabi/lib/thumb/v7e-m+fp/hard/crt0.o (memset)
C:/msys64/mingw64/bin/../lib/gcc/arm-none-eabi/13.3.0/../../../../arm-none-eabi/lib/thumb/v7e-m+fp/hard\libc_nano.a(libc_a-closer.o)
                              C:/msys64/mingw64/bin/../lib/gcc/arm-none-eabi/13.3.0/../../../../arm-none-eabi/lib/thumb/v7e-m+fp/hard\libc_nano.a(libc_a-stdio.o) (_close_r)
C:/msys64/mingw64/bin/../lib/gcc/arm-none-eabi/13.3.0/../../../../arm-none-eabi/lib/thumb/v7e-m+fp/hard\libc_nano.a(libc_a-reent.o)
                              C:/msys64/mingw64/bin/../lib/gcc/arm-none-eabi/13.3.0/../../../../arm-none-eabi/lib/thumb/v7e-m+fp/hard\libc_nano.a(libc_a-closer.o) (errno)
C:/msys64/mingw64/bin/../lib/gcc/arm-none-eabi/13.3.0/../../../../arm-none-eabi/lib/thumb/v7e-m+fp/hard\libc_nano.a(libc_a-impure.o)
                              C:/msys64/mingw64/bin/../lib/gcc/arm-none-eabi/13.3.0/../../../../arm-none-eabi/lib/thumb/v7e-m+fp/hard\libc_nano.a(libc_a-reent.o) (_impure_ptr)
C:/msys64/mingw64/bin/../lib/gcc/arm-none-eabi/13.3.0/../../../../arm-none-eabi/lib/thumb/v7e-m+fp/hard\libc_nano.a(libc_a-lseekr.o)
                              C:/msys64/mingw64/bin/../lib/gcc/arm-none-eabi/13.3.0/../../../../arm-none-eabi/lib/thumb/v7e-m+fp/hard\libc_nano.a(libc_a-stdio.o) (_lseek_r)
C:/msys64/mingw64/bin/../lib/gcc/arm-none-eabi/13.3.0/../../../../arm-none-eabi/lib/thumb/v7e-m+fp/hard\libc_nano.a(libc_a-readr.o)
                              C:/msys64/mingw64/bin/../lib/gcc/arm-none-eabi/13.3.0/../../../../arm-none-eabi/lib/thumb/v7e-m+fp/hard\libc_nano.a(libc_a-stdio.o) (_read_r)
C:/msys64/mingw64/bin/../lib/gcc/arm-none-eabi/13.3.0/../../../../arm-none-eabi/lib/thumb/v7e-m+fp/hard\libc_nano.a(libc_a-writer.o)
                              C:/msys64/mingw64/bin/../lib/gcc/arm-none-eabi/13.3.0/../../../../arm-none-eabi/lib/thumb/v7e-m+fp/hard\libc_nano.a(libc_a-stdio.o) (_write_r)
C:/msys64/mingw64/bin/../lib/gcc/arm-none-eabi/13.3.0/../../../../arm-none-eabi/lib/thumb/v7e-m+fp/hard\libc_nano.a(libc_a-errno.o)
                              build/sysmem.o (__errno)
C:/msys64/mingw64/bin/../lib/gcc/arm-none-eabi/13.3.0/../../../../arm-none-eabi/lib/thumb/v7e-m+fp/hard\libc_nano.a(libc_a-init.o)
                              C:/msys64/mingw64/bin/../lib/gcc/arm-none-eabi/13.3.0/../../../../arm-none-eabi/lib/thumb/v7e-m+fp/hard/crt0.o (__libc_init_array)
C:/msys64/mingw64/bin/../lib/gcc/arm-none-eabi/13.3.0/../../../../arm-none-eabi/lib/thumb/v7e-m+fp/hard\libc_nano.a(libc_a-fini.o)
                              C:/msys64/mingw64/bin/../lib/gcc/arm-none-eabi/13.3.0/../../../../arm-none-eabi/lib/thumb/v7e-m+fp/hard/crt0.o (__libc_fini_array)
C:/msys64/mingw64/bin/../lib/gcc/arm-none-eabi/13.3.0/../../../../arm-none-eabi/lib/thumb/v7e-m+fp/hard\libc_nano.a(libc_a-lock.o)
                              C:/msys64/mingw64/bin/../lib/gcc/arm-none-eabi/13.3.0/../../../../arm-none-eabi/lib/thumb/v7e-m+fp/hard\libc_nano.a(libc_a-findfp.o) (__retarget_lock_init_recursive)
C:/msys64/mingw64/bin/../lib/gcc/arm-none-eabi/13.3.0/../../../../arm-none-eabi/lib/thumb/v7e-m+fp/hard\libc_nano.a(libc_a-__atexit.o)
[...]
Memory Configuration

Name             Origin             Length             Attributes
RAM              0x20000000         0x0000c000         xrw
RAM2             0x10000000         0x00004000         xrw
FLASH            0x08000000         0x00040000         xr
*default*        0x00000000         0xffffffff

Linker script and memory map

LOAD C:/msys64/mingw64/bin/../lib/gcc/arm-none-eabi/13.3.0/thumb/v7e-m+fp/hard/crti.o
LOAD C:/msys64/mingw64/bin/../lib/gcc/arm-none-eabi/13.3.0/thumb/v7e-m+fp/hard/crtbegin.o
LOAD C:/msys64/mingw64/bin/../lib/gcc/arm-none-eabi/13.3.0/../../../../arm-none-eabi/lib/thumb/v7e-m+fp/hard/crt0.o
LOAD build/main.o
LOAD build/gpio.o
LOAD build/adc.o
LOAD build/i2c.o
LOAD build/usart.o
LOAD build/stm32l4xx_it.o
LOAD build/stm32l4xx_hal_msp.o
LOAD build/user_diskio.o
LOAD build/fatfs.o
LOAD build/stm32l4xx_hal_adc.o
LOAD build/stm32l4xx_hal_adc_ex.o
LOAD build/stm32l4xx_hal.o
LOAD build/stm32l4xx_hal_rcc.o
LOAD build/stm32l4xx_hal_rcc_ex.o
LOAD build/stm32l4xx_hal_flash.o
LOAD build/stm32l4xx_hal_flash_ex.o
LOAD build/stm32l4xx_hal_flash_ramfunc.o
LOAD build/stm32l4xx_hal_gpio.o
LOAD build/stm32l4xx_hal_i2c.o
LOAD build/stm32l4xx_hal_i2c_ex.o
LOAD build/stm32l4xx_hal_dma.o
LOAD build/stm32l4xx_hal_dma_ex.o
LOAD build/stm32l4xx_hal_pwr.o
LOAD build/stm32l4xx_hal_pwr_ex.o
LOAD build/stm32l4xx_hal_cortex.o
LOAD build/stm32l4xx_hal_exti.o
LOAD build/stm32l4xx_hal_uart.o
LOAD build/stm32l4xx_hal_uart_ex.o
LOAD build/system_stm32l4xx.o
LOAD build/diskio.o
LOAD build/ff.o
LOAD build/ff_gen_drv.o
LOAD build/syscall.o
LOAD build/sysmem.o
LOAD build/syscalls.o
LOAD build/spi.o
LOAD build/stm32l4xx_hal_spi.o
LOAD build/stm32l4xx_hal_spi_ex.o
LOAD build/ccsbcs.o
LOAD build/FATFS_SD.o
LOAD build/startup_stm32l433xx.o
LOAD C:/msys64/mingw64/bin/../lib/gcc/arm-none-eabi/13.3.0/../../../../arm-none-eabi/lib/thumb/v7e-m+fp/hard\libc_nano.a
LOAD C:/msys64/mingw64/bin/../lib/gcc/arm-none-eabi/13.3.0/../../../../arm-none-eabi/lib/thumb/v7e-m+fp/hard\libm.a
LOAD C:/msys64/mingw64/bin/../lib/gcc/arm-none-eabi/13.3.0/../../../../arm-none-eabi/lib/thumb/v7e-m+fp/hard\libnosys.a
START GROUP
LOAD C:/msys64/mingw64/bin/../lib/gcc/arm-none-eabi/13.3.0/thumb/v7e-m+fp/hard\libgcc.a
LOAD C:/msys64/mingw64/bin/../lib/gcc/arm-none-eabi/13.3.0/../../../../arm-none-eabi/lib/thumb/v7e-m+fp/hard\libc_nano.a
END GROUP
START GROUP
LOAD C:/msys64/mingw64/bin/../lib/gcc/arm-none-eabi/13.3.0/thumb/v7e-m+fp/hard\libgcc.a
LOAD C:/msys64/mingw64/bin/../lib/gcc/arm-none-eabi/13.3.0/../../../../arm-none-eabi/lib/thumb/v7e-m+fp/hard\libc_nano.a
END GROUP
LOAD C:/msys64/mingw64/bin/../lib/gcc/arm-none-eabi/13.3.0/thumb/v7e-m+fp/hard/crtend.o
LOAD C:/msys64/mingw64/bin/../lib/gcc/arm-none-eabi/13.3.0/thumb/v7e-m+fp/hard/crtn.o
                0x2000c000                        _estack = (ORIGIN (RAM) + LENGTH (RAM))
                0x00000200                        _Min_Heap_Size = 0x200
                0x00000400                        _Min_Stack_Size = 0x400

.isr_vector     0x08000000      0x190
                0x08000000                        . = ALIGN (0x8)
 *(.isr_vector)
 .isr_vector    0x08000000      0x18c build/startup_stm32l433xx.o
                0x08000000                g_pfnVectors
                0x08000190                        . = ALIGN (0x8)
 *fill*         0x0800018c        0x4 

.text           0x08000190     0x4af0
                0x08000190                        . = ALIGN (0x8)
 *(.text)
 .text          0x08000190       0xa4 C:/msys64/mingw64/bin/../lib/gcc/arm-none-eabi/13.3.0/../../../../arm-none-eabi/lib/thumb/v7e-m+fp/hard\libc_nano.a(libc_a-memset.o)
                0x08000190                memset
 .text          0x08000234       0x50 C:/msys64/mingw64/bin/../lib/gcc/arm-none-eabi/13.3.0/../../../../arm-none-eabi/lib/thumb/v7e-m+fp/hard\libc_nano.a(libc_a-init.o)
                0x08000234                __libc_init_array
 .text          0x08000284       0x30 C:/msys64/mingw64/bin/../lib/gcc/arm-none-eabi/13.3.0/thumb/v7e-m+fp/hard\libgcc.a(_aeabi_uldivmod.o)
                0x08000284                __aeabi_uldivmod
 .text          0x080002b4        0x4 C:/msys64/mingw64/bin/../lib/gcc/arm-none-eabi/13.3.0/thumb/v7e-m+fp/hard\libgcc.a(_dvmd_tls.o)
                0x080002b4                __aeabi_idiv0
                0x080002b4                __aeabi_ldiv0
 *(.text*)
 .text.__do_global_dtors_aux
                0x080002b8       0x24 C:/msys64/mingw64/bin/../lib/gcc/arm-none-eabi/13.3.0/thumb/v7e-m+fp/hard/crtbegin.o
 .text.frame_dummy
                0x080002dc       0x1c C:/msys64/mingw64/bin/../lib/gcc/arm-none-eabi/13.3.0/thumb/v7e-m+fp/hard/crtbegin.o
 .text.Error_Handler
                0x080002f8        0x4 build/main.o
                0x080002f8                Error_Handler
 .text.SystemClock_Config
                0x080002fc       0x7a build/main.o
                0x080002fc                SystemClock_Config
 .text.main     0x08000376       0x2c build/main.o
                0x08000376                main
 *fill*         0x080003a2        0x2 
 .text.MX_GPIO_Init
                0x080003a4      0x154 build/gpio.o
                0x080003a4                MX_GPIO_Init
 .text.MX_ADC1_Init
                0x080004f8       0x84 build/adc.o
                0x080004f8                MX_ADC1_Init
 .text.HAL_ADC_MspInit
                0x0800057c       0xb4 build/adc.o
                0x0800057c                HAL_ADC_MspInit
 .text.MX_I2C1_Init
                0x08000630       0x58 build/i2c.o
                0x08000630                MX_I2C1_Init
 .text.MX_I2C2_Init
                0x08000688       0x58 build/i2c.o
                0x08000688                MX_I2C2_Init
 .text.HAL_I2C_MspInit
                0x080006e0      0x134 build/i2c.o
                0x080006e0                HAL_I2C_MspInit
 .text.MX_USART1_UART_Init
                0x08000814       0x38 build/usart.o
                0x08000814                MX_USART1_UART_Init
 .text.MX_USART2_UART_Init
                0x0800084c       0x38 build/usart.o
                0x0800084c                MX_USART2_UART_Init
 .text.HAL_UART_MspInit
                0x08000884      0x10c build/usart.o
                0x08000884                HAL_UART_MspInit
 .text.NMI_Handler
                0x08000990        0x2 build/stm32l4xx_it.o
                0x08000990                NMI_Handler
 .text.HardFault_Handler
                0x08000992        0x2 build/stm32l4xx_it.o
                0x08000992                HardFault_Handler
 .text.MemManage_Handler
                0x08000994        0x2 build/stm32l4xx_it.o
                0x08000994                MemManage_Handler
 .text.BusFault_Handler
                0x08000996        0x2 build/stm32l4xx_it.o
                0x08000996                BusFault_Handler
 .text.UsageFault_Handler
                0x08000998        0x2 build/stm32l4xx_it.o
                0x08000998                UsageFault_Handler
 .text.SVC_Handler
                0x0800099a        0x2 build/stm32l4xx_it.o
                0x0800099a                SVC_Handler
 .text.DebugMon_Handler
                0x0800099c        0x2 build/stm32l4xx_it.o
                0x0800099c                DebugMon_Handler
 .text.PendSV_Handler
                0x0800099e        0x2 build/stm32l4xx_it.o
                0x0800099e                PendSV_Handler
 .text.SysTick_Handler
                0x080009a0       0x28 build/stm32l4xx_it.o
                0x080009a0                SysTick_Handler
 .text.EXTI4_IRQHandler
                0x080009c8        0xa build/stm32l4xx_it.o
                0x080009c8                EXTI4_IRQHandler
 *fill*         0x080009d2        0x2 
 .text.ADC1_IRQHandler
                0x080009d4       0x10 build/stm32l4xx_it.o
                0x080009d4                ADC1_IRQHandler
 .text.I2C1_EV_IRQHandler
                0x080009e4       0x10 build/stm32l4xx_it.o
                0x080009e4                I2C1_EV_IRQHandler
 .text.I2C1_ER_IRQHandler
                0x080009f4       0x10 build/stm32l4xx_it.o
                0x080009f4                I2C1_ER_IRQHandler
 .text.I2C2_EV_IRQHandler
                0x08000a04       0x10 build/stm32l4xx_it.o
                0x08000a04                I2C2_EV_IRQHandler
 .text.I2C2_ER_IRQHandler
                0x08000a14       0x10 build/stm32l4xx_it.o
                0x08000a14                I2C2_ER_IRQHandler
 .text.SPI1_IRQHandler
                0x08000a24       0x10 build/stm32l4xx_it.o
                0x08000a24                SPI1_IRQHandler
 .text.USART1_IRQHandler
                0x08000a34       0x10 build/stm32l4xx_it.o
                0x08000a34                USART1_IRQHandler
 .text.USART2_IRQHandler
                0x08000a44       0x10 build/stm32l4xx_it.o
                0x08000a44                USART2_IRQHandler
 .text.HAL_MspInit
                0x08000a54       0x30 build/stm32l4xx_hal_msp.o
                0x08000a54                HAL_MspInit
 .text.USER_initialize
                0x08000a84        0x8 build/user_diskio.o
                0x08000a84                USER_initialize
 .text.USER_status
                0x08000a8c        0x8 build/user_diskio.o
                0x08000a8c                USER_status
 .text.USER_read
                0x08000a94        0x8 build/user_diskio.o
                0x08000a94                USER_read
 .text.USER_write
                0x08000a9c        0x8 build/user_diskio.o
                0x08000a9c                USER_write
 .text.USER_ioctl
                0x08000aa4        0x8 build/user_diskio.o
                0x08000aa4                USER_ioctl
 .text.MX_FATFS_Init
                0x08000aac       0x1c build/fatfs.o
                0x08000aac                MX_FATFS_Init
 .text.LL_ADC_REG_SetSequencerRanks
                0x08000ac8       0x30 build/stm32l4xx_hal_adc.o
 .text.LL_ADC_SetChannelSamplingTime
                0x08000af8       0x2c build/stm32l4xx_hal_adc.o
 .text.HAL_ADC_Init
                0x08000b24      0x1c8 build/stm32l4xx_hal_adc.o
                0x08000b24                HAL_ADC_Init
 .text.HAL_ADC_ConvCpltCallback
                0x08000cec        0x2 build/stm32l4xx_hal_adc.o
                0x08000cec                HAL_ADC_ConvCpltCallback
 .text.HAL_ADC_LevelOutOfWindowCallback
                0x08000cee        0x2 build/stm32l4xx_hal_adc.o
                0x08000cee                HAL_ADC_LevelOutOfWindowCallback
 .text.HAL_ADC_ErrorCallback
                0x08000cf0        0x2 build/stm32l4xx_hal_adc.o
                0x08000cf0                HAL_ADC_ErrorCallback
 .text.HAL_ADC_IRQHandler
                0x08000cf2      0x234 build/stm32l4xx_hal_adc.o
                0x08000cf2                HAL_ADC_IRQHandler
 *fill*         0x08000f26        0x2 
 .text.HAL_ADC_ConfigChannel
                0x08000f28      0x430 build/stm32l4xx_hal_adc.o
                0x08000f28                HAL_ADC_ConfigChannel
 .text.HAL_ADCEx_InjectedConvCpltCallback
                0x08001358        0x2 build/stm32l4xx_hal_adc_ex.o
                0x08001358                HAL_ADCEx_InjectedConvCpltCallback
 .text.HAL_ADCEx_InjectedQueueOverflowCallback
                0x0800135a        0x2 build/stm32l4xx_hal_adc_ex.o
                0x0800135a                HAL_ADCEx_InjectedQueueOverflowCallback
 .text.HAL_ADCEx_LevelOutOfWindow2Callback
                0x0800135c        0x2 build/stm32l4xx_hal_adc_ex.o
                0x0800135c                HAL_ADCEx_LevelOutOfWindow2Callback
 .text.HAL_ADCEx_LevelOutOfWindow3Callback
                0x0800135e        0x2 build/stm32l4xx_hal_adc_ex.o
                0x0800135e                HAL_ADCEx_LevelOutOfWindow3Callback
 .text.HAL_ADCEx_EndOfSamplingCallback
                0x08001360        0x2 build/stm32l4xx_hal_adc_ex.o
                0x08001360                HAL_ADCEx_EndOfSamplingCallback
 *fill*         0x08001362        0x2 
 .text.HAL_InitTick
                0x08001364       0x50 build/stm32l4xx_hal.o
                0x08001364                HAL_InitTick
 .text.HAL_Init
                0x080013b4       0x2c build/stm32l4xx_hal.o
                0x080013b4                HAL_Init
 .text.HAL_IncTick
                0x080013e0       0x18 build/stm32l4xx_hal.o
                0x080013e0                HAL_IncTick
 .text.HAL_GetTick
                0x080013f8        0xc build/stm32l4xx_hal.o
                0x080013f8                HAL_GetTick
 .text.RCC_SetFlashLatencyFromMSIRange
                0x08001404       0x90 build/stm32l4xx_hal_rcc.o
 .text.HAL_RCC_GetSysClockFreq
                0x08001494       0xb4 build/stm32l4xx_hal_rcc.o
                0x08001494                HAL_RCC_GetSysClockFreq
 .text.HAL_RCC_OscConfig
                0x08001548      0x66c build/stm32l4xx_hal_rcc.o
                0x08001548                HAL_RCC_OscConfig
 .text.HAL_RCC_ClockConfig
                0x08001bb4      0x188 build/stm32l4xx_hal_rcc.o
                0x08001bb4                HAL_RCC_ClockConfig
 .text.HAL_RCC_GetHCLKFreq
                0x08001d3c        0xc build/stm32l4xx_hal_rcc.o
                0x08001d3c                HAL_RCC_GetHCLKFreq
 .text.HAL_RCC_GetPCLK1Freq
                0x08001d48       0x24 build/stm32l4xx_hal_rcc.o
                0x08001d48                HAL_RCC_GetPCLK1Freq
 .text.HAL_RCC_GetPCLK2Freq
                0x08001d6c       0x24 build/stm32l4xx_hal_rcc.o
                0x08001d6c                HAL_RCC_GetPCLK2Freq
 .text.RCCEx_PLLSAI1_Config
                0x08001d90      0x170 build/stm32l4xx_hal_rcc_ex.o
 .text.HAL_RCCEx_PeriphCLKConfig
                0x08001f00      0x364 build/stm32l4xx_hal_rcc_ex.o
                0x08001f00                HAL_RCCEx_PeriphCLKConfig
 .text.HAL_GPIO_Init
                0x08002264      0x1c8 build/stm32l4xx_hal_gpio.o
                0x08002264                HAL_GPIO_Init
 .text.HAL_GPIO_WritePin
                0x0800242c        0xa build/stm32l4xx_hal_gpio.o
                0x0800242c                HAL_GPIO_WritePin
 .text.HAL_GPIO_EXTI_Callback
                0x08002436        0x2 build/stm32l4xx_hal_gpio.o
                0x08002436                HAL_GPIO_EXTI_Callback
 .text.HAL_GPIO_EXTI_IRQHandler
                0x08002438       0x1c build/stm32l4xx_hal_gpio.o
                0x08002438                HAL_GPIO_EXTI_IRQHandler
 .text.I2C_Flush_TXDR
                0x08002454       0x22 build/stm32l4xx_hal_i2c.o
 .text.I2C_Disable_IRQ
                0x08002476       0x70 build/stm32l4xx_hal_i2c.o
 .text.HAL_I2C_Init
                0x080024e6       0xc8 build/stm32l4xx_hal_i2c.o
                0x080024e6                HAL_I2C_Init
 .text.HAL_I2C_EV_IRQHandler
                0x080025ae       0x10 build/stm32l4xx_hal_i2c.o
                0x080025ae                HAL_I2C_EV_IRQHandler
 .text.HAL_I2C_SlaveTxCpltCallback
                0x080025be        0x2 build/stm32l4xx_hal_i2c.o
                0x080025be                HAL_I2C_SlaveTxCpltCallback
 .text.HAL_I2C_SlaveRxCpltCallback
                0x080025c0        0x2 build/stm32l4xx_hal_i2c.o
                0x080025c0                HAL_I2C_SlaveRxCpltCallback
 .text.I2C_ITSlaveSeqCplt
                0x080025c2       0x82 build/stm32l4xx_hal_i2c.o
 .text.HAL_I2C_AddrCallback
                0x08002644        0x2 build/stm32l4xx_hal_i2c.o
                0x08002644                HAL_I2C_AddrCallback
 .text.I2C_ITAddrCplt
                0x08002646       0xa0 build/stm32l4xx_hal_i2c.o
 .text.HAL_I2C_ListenCpltCallback
                0x080026e6        0x2 build/stm32l4xx_hal_i2c.o
                0x080026e6                HAL_I2C_ListenCpltCallback
 .text.I2C_ITListenCplt
                0x080026e8       0x68 build/stm32l4xx_hal_i2c.o
 .text.HAL_I2C_ErrorCallback
                0x08002750        0x2 build/stm32l4xx_hal_i2c.o
                0x08002750                HAL_I2C_ErrorCallback
 .text.HAL_I2C_AbortCpltCallback
                0x08002752        0x2 build/stm32l4xx_hal_i2c.o
                0x08002752                HAL_I2C_AbortCpltCallback
 .text.I2C_TreatErrorCallback
                0x08002754       0x2e build/stm32l4xx_hal_i2c.o
 *fill*         0x08002782        0x2 
 .text.I2C_ITError
                0x08002784      0x130 build/stm32l4xx_hal_i2c.o
 .text.I2C_ITSlaveCplt
                0x080028b4      0x1f0 build/stm32l4xx_hal_i2c.o
 .text.I2C_Slave_ISR_IT
                0x08002aa4      0x148 build/stm32l4xx_hal_i2c.o
 .text.HAL_I2C_ER_IRQHandler
                0x08002bec       0x6a build/stm32l4xx_hal_i2c.o
                0x08002bec                HAL_I2C_ER_IRQHandler
 .text.I2C_DMAAbort
                0x08002c56       0x1a build/stm32l4xx_hal_i2c.o
 .text.HAL_I2CEx_ConfigAnalogFilter
                0x08002c70       0x5c build/stm32l4xx_hal_i2c_ex.o
                0x08002c70                HAL_I2CEx_ConfigAnalogFilter
 .text.HAL_I2CEx_ConfigDigitalFilter
                0x08002ccc       0x58 build/stm32l4xx_hal_i2c_ex.o
                0x08002ccc                HAL_I2CEx_ConfigDigitalFilter
 .text.HAL_DMA_Abort
                0x08002d24       0x50 build/stm32l4xx_hal_dma.o
                0x08002d24                HAL_DMA_Abort
 .text.HAL_DMA_Abort_IT
                0x08002d74       0x50 build/stm32l4xx_hal_dma.o
                0x08002d74                HAL_DMA_Abort_IT
 .text.HAL_DMA_GetState
                0x08002dc4        0x6 build/stm32l4xx_hal_dma.o
                0x08002dc4                HAL_DMA_GetState
 *fill*         0x08002dca        0x2 
 .text.HAL_PWREx_GetVoltageRange
                0x08002dcc       0x10 build/stm32l4xx_hal_pwr_ex.o
                0x08002dcc                HAL_PWREx_GetVoltageRange
 .text.HAL_PWREx_ControlVoltageScaling
                0x08002ddc       0x90 build/stm32l4xx_hal_pwr_ex.o
                0x08002ddc                HAL_PWREx_ControlVoltageScaling
 .text.__NVIC_EnableIRQ
                0x08002e6c       0x1c build/stm32l4xx_hal_cortex.o
 .text.__NVIC_SetPriority
                0x08002e88       0x28 build/stm32l4xx_hal_cortex.o
 .text.NVIC_EncodePriority
                0x08002eb0       0x3e build/stm32l4xx_hal_cortex.o
 *fill*         0x08002eee        0x2 
 .text.HAL_NVIC_SetPriorityGrouping
                0x08002ef0       0x24 build/stm32l4xx_hal_cortex.o
                0x08002ef0                HAL_NVIC_SetPriorityGrouping
 .text.HAL_NVIC_SetPriority
                0x08002f14       0x20 build/stm32l4xx_hal_cortex.o
                0x08002f14                HAL_NVIC_SetPriority
 .text.HAL_NVIC_EnableIRQ
                0x08002f34        0x8 build/stm32l4xx_hal_cortex.o
                0x08002f34                HAL_NVIC_EnableIRQ
 .text.HAL_SYSTICK_Config
                0x08002f3c       0x28 build/stm32l4xx_hal_cortex.o
                0x08002f3c                HAL_SYSTICK_Config
 .text.UART_EndRxTransfer
                0x08002f64       0x52 build/stm32l4xx_hal_uart.o
 .text.HAL_UART_TxCpltCallback
                0x08002fb6        0x2 build/stm32l4xx_hal_uart.o
                0x08002fb6                HAL_UART_TxCpltCallback
 .text.UART_EndTransmit_IT
                0x08002fb8       0x22 build/stm32l4xx_hal_uart.o
 .text.HAL_UART_ErrorCallback
                0x08002fda        0x2 build/stm32l4xx_hal_uart.o
                0x08002fda                HAL_UART_ErrorCallback
 .text.UART_DMAAbortOnError
                0x08002fdc        0xa build/stm32l4xx_hal_uart.o
 .text.HAL_UARTEx_RxEventCallback
                0x08002fe6        0x2 build/stm32l4xx_hal_uart.o
                0x08002fe6                HAL_UARTEx_RxEventCallback
 .text.HAL_UART_IRQHandler
                0x08002fe8      0x308 build/stm32l4xx_hal_uart.o
                0x08002fe8                HAL_UART_IRQHandler
 .text.UART_SetConfig
                0x080032f0      0x2a0 build/stm32l4xx_hal_uart.o
                0x080032f0                UART_SetConfig
 .text.UART_AdvFeatureConfig
                0x08003590       0xca build/stm32l4xx_hal_uart.o
                0x08003590                UART_AdvFeatureConfig
 .text.UART_WaitOnFlagUntilTimeout
                0x0800365a       0x9e build/stm32l4xx_hal_uart.o
                0x0800365a                UART_WaitOnFlagUntilTimeout
 .text.UART_CheckIdleState
                0x080036f8       0xc6 build/stm32l4xx_hal_uart.o
                0x080036f8                UART_CheckIdleState
 .text.HAL_UART_Init
                0x080037be       0x62 build/stm32l4xx_hal_uart.o
                0x080037be                HAL_UART_Init
 .text.HAL_UARTEx_WakeupCallback
                0x08003820        0x2 build/stm32l4xx_hal_uart_ex.o
                0x08003820                HAL_UARTEx_WakeupCallback
 *fill*         0x08003822        0x2 
 .text.SystemInit
                0x08003824       0x14 build/system_stm32l4xx.o
                0x08003824                SystemInit
 .text.FATFS_LinkDriverEx
                0x08003838       0x54 build/ff_gen_drv.o
                0x08003838                FATFS_LinkDriverEx
 .text.FATFS_LinkDriver
                0x0800388c        0xa build/ff_gen_drv.o
                0x0800388c                FATFS_LinkDriver
 *fill*         0x08003896        0x2 
 .text.MX_SPI1_Init
                0x08003898       0x4c build/spi.o
                0x08003898                MX_SPI1_Init
 .text.HAL_SPI_MspInit
                0x080038e4       0x78 build/spi.o
                0x080038e4                HAL_SPI_MspInit
 .text.SPI_WaitFlagStateUntilTimeout
                0x0800395c       0xc8 build/stm32l4xx_hal_spi.o
 .text.SPI_WaitFifoStateUntilTimeout
                0x08003a24       0xf0 build/stm32l4xx_hal_spi.o
 .text.SPI_EndRxTxTransaction
                0x08003b14       0x62 build/stm32l4xx_hal_spi.o
 .text.HAL_SPI_Init
                0x08003b76       0xde build/stm32l4xx_hal_spi.o
                0x08003b76                HAL_SPI_Init
 .text.HAL_SPI_Transmit
                0x08003c54      0x20a build/stm32l4xx_hal_spi.o
                0x08003c54                HAL_SPI_Transmit
 .text.HAL_SPI_TransmitReceive
                0x08003e5e      0x2fe build/stm32l4xx_hal_spi.o
                0x08003e5e                HAL_SPI_TransmitReceive
 .text.HAL_SPI_ErrorCallback
                0x0800415c        0x2 build/stm32l4xx_hal_spi.o
                0x0800415c                HAL_SPI_ErrorCallback
 *fill*         0x0800415e        0x2 
 .text.HAL_SPI_IRQHandler
                0x08004160      0x124 build/stm32l4xx_hal_spi.o
                0x08004160                HAL_SPI_IRQHandler
 .text.SPI_DMAAbortOnError
                0x08004284       0x12 build/stm32l4xx_hal_spi.o
 *fill*         0x08004296        0x2 
 .text.SD_PowerOff
                0x08004298        0xc build/FATFS_SD.o
 .text.SD_CheckPower
                0x080042a4        0xc build/FATFS_SD.o
 .text.SPI_TxBuffer
                0x080042b0       0x20 build/FATFS_SD.o
 .text.SPI_TxByte
                0x080042d0       0x2c build/FATFS_SD.o
 .text.SELECT   0x080042fc       0x14 build/FATFS_SD.o
 .text.DESELECT
                0x08004310       0x14 build/FATFS_SD.o
 .text.SPI_RxByte
                0x08004324       0x38 build/FATFS_SD.o
 .text.SD_PowerOn
                0x0800435c       0x6c build/FATFS_SD.o
 .text.SD_ReadyWait
                0x080043c8       0x20 build/FATFS_SD.o
 .text.SD_SendCmd
                0x080043e8       0x6a build/FATFS_SD.o
 .text.SPI_RxBytePtr
                0x08004452        0xc build/FATFS_SD.o
 *fill*         0x0800445e        0x2 
 .text.SD_RxDataBlock
                0x08004460       0x44 build/FATFS_SD.o
 .text.SD_TxDataBlock
                0x080044a4       0x64 build/FATFS_SD.o
 .text.SD_disk_initialize
                0x08004508      0x17c build/FATFS_SD.o
                0x08004508                SD_disk_initialize
 .text.SD_disk_status
                0x08004684       0x14 build/FATFS_SD.o
                0x08004684                SD_disk_status
 .text.SD_disk_read
                0x08004698       0x98 build/FATFS_SD.o
                0x08004698                SD_disk_read
 .text.SD_disk_write
                0x08004730       0xc4 build/FATFS_SD.o
                0x08004730                SD_disk_write
 .text.SD_disk_ioctl
                0x080047f4      0x180 build/FATFS_SD.o
                0x080047f4                SD_disk_ioctl
 .text.Reset_Handler
                0x08004974       0x50 build/startup_stm32l433xx.o
                0x08004974                Reset_Handler
 .text.Default_Handler
                0x080049c4        0x2 build/startup_stm32l433xx.o
                0x080049c4                RTC_Alarm_IRQHandler
                0x080049c4                EXTI2_IRQHandler
                0x080049c4                TIM1_CC_IRQHandler
                0x080049c4                TSC_IRQHandler
                0x080049c4                TAMP_STAMP_IRQHandler
                0x080049c4                EXTI3_IRQHandler
                0x080049c4                LPTIM2_IRQHandler
                0x080049c4                I2C3_ER_IRQHandler
                0x080049c4                EXTI0_IRQHandler
                0x080049c4                CAN1_RX0_IRQHandler
                0x080049c4                FPU_IRQHandler
                0x080049c4                TIM1_UP_TIM16_IRQHandler
                0x080049c4                TIM6_DAC_IRQHandler
                0x080049c4                DMA2_Channel2_IRQHandler
                0x080049c4                DMA1_Channel4_IRQHandler
                0x080049c4                USART3_IRQHandler
                0x080049c4                DMA1_Channel7_IRQHandler
                0x080049c4                CAN1_RX1_IRQHandler
                0x080049c4                LCD_IRQHandler
                0x080049c4                DMA2_Channel1_IRQHandler
                0x080049c4                QUADSPI_IRQHandler
                0x080049c4                DMA1_Channel6_IRQHandler
                0x080049c4                DMA2_Channel4_IRQHandler
                0x080049c4                RCC_IRQHandler
                0x080049c4                TIM1_TRG_COM_IRQHandler
                0x080049c4                DMA1_Channel1_IRQHandler
                0x080049c4                Default_Handler
                0x080049c4                DMA2_Channel7_IRQHandler
                0x080049c4                EXTI15_10_IRQHandler
                0x080049c4                TIM7_IRQHandler
                0x080049c4                SDMMC1_IRQHandler
                0x080049c4                I2C3_EV_IRQHandler
                0x080049c4                USB_IRQHandler
                0x080049c4                EXTI9_5_IRQHandler
                0x080049c4                RTC_WKUP_IRQHandler
                0x080049c4                PVD_PVM_IRQHandler
                0x080049c4                SPI2_IRQHandler
                0x080049c4                CAN1_TX_IRQHandler
                0x080049c4                DMA2_Channel5_IRQHandler
                0x080049c4                CRS_IRQHandler
                0x080049c4                DMA1_Channel5_IRQHandler
                0x080049c4                RNG_IRQHandler
                0x080049c4                DMA1_Channel3_IRQHandler
                0x080049c4                COMP_IRQHandler
                0x080049c4                WWDG_IRQHandler
                0x080049c4                LPUART1_IRQHandler
                0x080049c4                DMA2_Channel6_IRQHandler
                0x080049c4                TIM2_IRQHandler
                0x080049c4                EXTI1_IRQHandler
                0x080049c4                DMA1_Channel2_IRQHandler
                0x080049c4                CAN1_SCE_IRQHandler
                0x080049c4                FLASH_IRQHandler
                0x080049c4                SPI3_IRQHandler
                0x080049c4                SWPMI1_IRQHandler
                0x080049c4                LPTIM1_IRQHandler
                0x080049c4                SAI1_IRQHandler
                0x080049c4                DMA2_Channel3_IRQHandler
                0x080049c4                TIM1_BRK_TIM15_IRQHandler
 .text.__udivmoddi4
                0x080049c6      0x2a0 C:/msys64/mingw64/bin/../lib/gcc/arm-none-eabi/13.3.0/thumb/v7e-m+fp/hard\libgcc.a(_udivmoddi4.o)
                0x080049c6                __udivmoddi4
 *(.glue_7)
 .glue_7        0x08004c66        0x0 linker stubs
 *(.glue_7t)
 .glue_7t       0x08004c66        0x0 linker stubs
 *(.eh_frame)
 *fill*         0x08004c66        0x2 
 .eh_frame      0x08004c68        0x0 C:/msys64/mingw64/bin/../lib/gcc/arm-none-eabi/13.3.0/thumb/v7e-m+fp/hard/crtbegin.o
 *(.init)
 .init          0x08004c68        0x4 C:/msys64/mingw64/bin/../lib/gcc/arm-none-eabi/13.3.0/thumb/v7e-m+fp/hard/crti.o
                0x08004c68                _init
 .init          0x08004c6c        0x8 C:/msys64/mingw64/bin/../lib/gcc/arm-none-eabi/13.3.0/thumb/v7e-m+fp/hard/crtn.o
 *(.fini)
 .fini          0x08004c74        0x4 C:/msys64/mingw64/bin/../lib/gcc/arm-none-eabi/13.3.0/thumb/v7e-m+fp/hard/crti.o
                0x08004c74                _fini
 .fini          0x08004c78        0x8 C:/msys64/mingw64/bin/../lib/gcc/arm-none-eabi/13.3.0/thumb/v7e-m+fp/hard/crtn.o
                0x08004c80                        . = ALIGN (0x8)
                0x08004c80                        _etext = .

.vfp11_veneer   0x08004c80        0x0
 .vfp11_veneer  0x08004c80        0x0 linker stubs

.v4_bx          0x08004c80        0x0
 .v4_bx         0x08004c80        0x0 linker stubs

.iplt           0x08004c80        0x0
 .iplt          0x08004c80        0x0 C:/msys64/mingw64/bin/../lib/gcc/arm-none-eabi/13.3.0/thumb/v7e-m+fp/hard/crtbegin.o

.rodata         0x08004c80       0x48
                0x08004c80                        . = ALIGN (0x8)
 *(.rodata)
 *(.rodata*)
 .rodata.MSIRangeTable
                0x08004c80       0x30 build/system_stm32l4xx.o
                0x08004c80                MSIRangeTable
 .rodata.APBPrescTable
                0x08004cb0        0x8 build/system_stm32l4xx.o
                0x08004cb0                APBPrescTable
 .rodata.AHBPrescTable
                0x08004cb8       0x10 build/system_stm32l4xx.o
                0x08004cb8                AHBPrescTable
                0x08004cc8                        . = ALIGN (0x8)

.ARM.extab      0x08004cc8        0x0
                0x08004cc8                        . = ALIGN (0x8)
 *(.ARM.extab* .gnu.linkonce.armextab.*)
                0x08004cc8                        . = ALIGN (0x8)

.ARM            0x08004cc8        0x8
                0x08004cc8                        . = ALIGN (0x8)
                0x08004cc8                        __exidx_start = .
 *(.ARM.exidx*)
 .ARM.exidx.text.__udivmoddi4
                0x08004cc8        0x8 C:/msys64/mingw64/bin/../lib/gcc/arm-none-eabi/13.3.0/thumb/v7e-m+fp/hard\libgcc.a(_udivmoddi4.o)
                0x08004cd0                        __exidx_end = .
                0x08004cd0                        . = ALIGN (0x8)

.preinit_array  0x08004cd0        0x0
                0x08004cd0                        . = ALIGN (0x8)
                0x08004cd0                        PROVIDE (__preinit_array_start = .)
 *(.preinit_array*)
                0x08004cd0                        PROVIDE (__preinit_array_end = .)
                0x08004cd0                        . = ALIGN (0x8)

.init_array     0x08004cd0        0x8
                0x08004cd0                        . = ALIGN (0x8)
                0x08004cd0                        PROVIDE (__init_array_start = .)
 *(SORT_BY_NAME(.init_array.*))
 *(.init_array*)
 .init_array    0x08004cd0        0x4 C:/msys64/mingw64/bin/../lib/gcc/arm-none-eabi/13.3.0/thumb/v7e-m+fp/hard/crtbegin.o
                0x08004cd4                        PROVIDE (__init_array_end = .)
                0x08004cd8                        . = ALIGN (0x8)
 *fill*         0x08004cd4        0x4 

.fini_array     0x08004cd8        0x8
                0x08004cd8                        . = ALIGN (0x8)
                0x08004cd8                        PROVIDE (__fini_array_start = .)
 *(SORT_BY_NAME(.fini_array.*))
 *(.fini_array*)
 .fini_array    0x08004cd8        0x4 C:/msys64/mingw64/bin/../lib/gcc/arm-none-eabi/13.3.0/thumb/v7e-m+fp/hard/crtbegin.o
                0x08004cdc                        PROVIDE (__fini_array_end = .)
                0x08004ce0                        . = ALIGN (0x8)
 *fill*         0x08004cdc        0x4 
                0x08004ce0                        _sidata = LOADADDR (.data)

.rel.dyn        0x08004ce0        0x0
 .rel.iplt      0x08004ce0        0x0 C:/msys64/mingw64/bin/../lib/gcc/arm-none-eabi/13.3.0/thumb/v7e-m+fp/hard/crtbegin.o

.data           0x20000000       0x28 load address 0x08004ce0
                0x20000000                        . = ALIGN (0x8)
                0x20000000                        _sdata = .
 *(.data)
 *(.data*)
 .data.USER_Driver
                0x20000000       0x14 build/user_diskio.o
                0x20000000                USER_Driver
 .data.uwTickFreq
                0x20000014        0x1 build/stm32l4xx_hal.o
                0x20000014                uwTickFreq
 *fill*         0x20000015        0x3 
 .data.uwTickPrio
                0x20000018        0x4 build/stm32l4xx_hal.o
                0x20000018                uwTickPrio
 .data.SystemCoreClock
                0x2000001c        0x4 build/system_stm32l4xx.o
                0x2000001c                SystemCoreClock
 .data.Stat     0x20000020        0x1 build/FATFS_SD.o
 *(.RamFunc)
 *(.RamFunc*)
                0x20000028                        . = ALIGN (0x8)
 *fill*         0x20000021        0x7 
                0x20000028                        _edata = .

.igot.plt       0x20000028        0x0 load address 0x08004d08
 .igot.plt      0x20000028        0x0 C:/msys64/mingw64/bin/../lib/gcc/arm-none-eabi/13.3.0/thumb/v7e-m+fp/hard/crtbegin.o
                0x20000028                        . = ALIGN (0x4)

.bss            0x20000028      0x2bc load address 0x08004d08
                0x20000028                        _sbss = .
                0x20000028                        __bss_start__ = _sbss
 *(.bss)
 *(.bss*)
 .bss.completed.1
                0x20000028        0x1 C:/msys64/mingw64/bin/../lib/gcc/arm-none-eabi/13.3.0/thumb/v7e-m+fp/hard/crtbegin.o
 *fill*         0x20000029        0x3 
 .bss.object.0  0x2000002c       0x18 C:/msys64/mingw64/bin/../lib/gcc/arm-none-eabi/13.3.0/thumb/v7e-m+fp/hard/crtbegin.o
 .bss.hadc1     0x20000044       0x64 build/adc.o
                0x20000044                hadc1
 .bss.hi2c2     0x200000a8       0x54 build/i2c.o
                0x200000a8                hi2c2
 .bss.hi2c1     0x200000fc       0x54 build/i2c.o
                0x200000fc                hi2c1
 .bss.huart2    0x20000150       0x88 build/usart.o
                0x20000150                huart2
 .bss.huart1    0x200001d8       0x88 build/usart.o
                0x200001d8                huart1
 .bss.USERPath  0x20000260        0x4 build/fatfs.o
                0x20000260                USERPath
 .bss.retUSER   0x20000264        0x1 build/fatfs.o
                0x20000264                retUSER
 *fill*         0x20000265        0x3 
 .bss.uwTick    0x20000268        0x4 build/stm32l4xx_hal.o
                0x20000268                uwTick
 .bss.disk      0x2000026c        0xc build/ff_gen_drv.o
                0x2000026c                disk
 .bss.hspi1     0x20000278       0x64 build/spi.o
                0x20000278                hspi1
 .bss.PowerFlag
                0x200002dc        0x1 build/FATFS_SD.o
 .bss.CardType  0x200002dd        0x1 build/FATFS_SD.o
 .bss.Timer2    0x200002de        0x2 build/FATFS_SD.o
                0x200002de                Timer2
 .bss.Timer1    0x200002e0        0x2 build/FATFS_SD.o
                0x200002e0                Timer1
 *(COMMON)
                0x200002e4                        . = ALIGN (0x4)
 *fill*         0x200002e2        0x2 
                0x200002e4                        _ebss = .
                0x200002e4                        __bss_end__ = _ebss

._user_heap_stack
                0x200002e4      0x604 load address 0x08004d08
                0x200002e8                        . = ALIGN (0x8)
 *fill*         0x200002e4        0x4 
                [!provide]                        PROVIDE (end = .)
                0x200002e8                        PROVIDE (_end = .)
                0x200004e8                        . = (. + _Min_Heap_Size)
 *fill*         0x200002e8      0x200 
                0x200008e8                        . = (. + _Min_Stack_Size)
 *fill*         0x200004e8      0x400 
                0x200008e8                        . = ALIGN (0x8)

/DISCARD/
 libc.a(*)
 libm.a(*)
 libgcc.a(*)
OUTPUT(build/Weather-Balloon.elf elf32-littlearm)
LOAD linker stubs
LOAD C:/msys64/mingw64/bin/../lib/gcc/arm-none-eabi/13.3.0/../../../../arm-none-eabi/lib/thumb/v7e-m+fp/hard\libc.a
LOAD C:/msys64/mingw64/bin/../lib/gcc/arm-none-eabi/13.3.0/../../../../arm-none-eabi/lib/thumb/v7e-m+fp/hard\libm.a
LOAD C:/msys64/mingw64/bin/../lib/gcc/arm-none-eabi/13.3.0/thumb/v7e-m+fp/hard\libgcc.a

.ARM.attributes
                0x00000000       0x30
 .ARM.attributes
                0x00000000       0x22 C:/msys64/mingw64/bin/../lib/gcc/arm-none-eabi/13.3.0/thumb/v7e-m+fp/hard/crti.o
 .ARM.attributes
                0x00000022       0x34 C:/msys64/mingw64/bin/../lib/gcc/arm-none-eabi/13.3.0/thumb/v7e-m+fp/hard/crtbegin.o
 .ARM.attributes
                0x00000056       0x34 build/main.o
 .ARM.attributes
                0x0000008a       0x34 build/gpio.o
 .ARM.attributes
                0x000000be       0x34 build/adc.o
 .ARM.attributes
                0x000000f2       0x34 build/i2c.o
 .ARM.attributes
                0x00000126       0x34 build/usart.o
 .ARM.attributes
                0x0000015a       0x34 build/stm32l4xx_it.o
 .ARM.attributes
                0x0000018e       0x34 build/stm32l4xx_hal_msp.o
 .ARM.attributes
                0x000001c2       0x34 build/user_diskio.o
 .ARM.attributes
                0x000001f6       0x34 build/fatfs.o
 .ARM.attributes
                0x0000022a       0x34 build/stm32l4xx_hal_adc.o
 .ARM.attributes
                0x0000025e       0x34 build/stm32l4xx_hal_adc_ex.o
 .ARM.attributes
                0x00000292       0x34 build/stm32l4xx_hal.o
 .ARM.attributes
                0x000002c6       0x34 build/stm32l4xx_hal_rcc.o
 .ARM.attributes
                0x000002fa       0x34 build/stm32l4xx_hal_rcc_ex.o
 .ARM.attributes
                0x0000032e       0x34 build/stm32l4xx_hal_gpio.o
 .ARM.attributes
                0x00000362       0x34 build/stm32l4xx_hal_i2c.o
 .ARM.attributes
                0x00000396       0x34 build/stm32l4xx_hal_i2c_ex.o
 .ARM.attributes
                0x000003ca       0x34 build/stm32l4xx_hal_dma.o
 .ARM.attributes
                0x000003fe       0x34 build/stm32l4xx_hal_pwr_ex.o
 .ARM.attributes
                0x00000432       0x34 build/stm32l4xx_hal_cortex.o
 .ARM.attributes
                0x00000466       0x34 build/stm32l4xx_hal_uart.o
 .ARM.attributes
                0x0000049a       0x34 build/stm32l4xx_hal_uart_ex.o
 .ARM.attributes
                0x000004ce       0x34 build/system_stm32l4xx.o
 .ARM.attributes
                0x00000502       0x34 build/ff_gen_drv.o
 .ARM.attributes
                0x00000536       0x34 build/spi.o
 .ARM.attributes
                0x0000056a       0x34 build/stm32l4xx_hal_spi.o
 .ARM.attributes
                0x0000059e       0x34 build/FATFS_SD.o
 .ARM.attributes
                0x000005d2       0x21 build/startup_stm32l433xx.o
 .ARM.attributes
                0x000005f3       0x34 C:/msys64/mingw64/bin/../lib/gcc/arm-none-eabi/13.3.0/../../../../arm-none-eabi/lib/thumb/v7e-m+fp/hard\libc_nano.a(libc_a-memset.o)
 .ARM.attributes
                0x00000627       0x34 C:/msys64/mingw64/bin/../lib/gcc/arm-none-eabi/13.3.0/../../../../arm-none-eabi/lib/thumb/v7e-m+fp/hard\libc_nano.a(libc_a-init.o)
 .ARM.attributes
                0x0000065b       0x22 C:/msys64/mingw64/bin/../lib/gcc/arm-none-eabi/13.3.0/thumb/v7e-m+fp/hard\libgcc.a(_aeabi_uldivmod.o)
 .ARM.attributes
                0x0000067d       0x34 C:/msys64/mingw64/bin/../lib/gcc/arm-none-eabi/13.3.0/thumb/v7e-m+fp/hard\libgcc.a(_udivmoddi4.o)
 .ARM.attributes
                0x000006b1       0x22 C:/msys64/mingw64/bin/../lib/gcc/arm-none-eabi/13.3.0/thumb/v7e-m+fp/hard\libgcc.a(_dvmd_tls.o)
 .ARM.attributes
                0x000006d3       0x22 C:/msys64/mingw64/bin/../lib/gcc/arm-none-eabi/13.3.0/thumb/v7e-m+fp/hard/crtn.o

.comment        0x00000000       0x12
 .comment       0x00000000       0x12 build/main.o
                                 0x13 (size before relaxing)
 .comment       0x00000012       0x13 build/gpio.o
 .comment       0x00000012       0x13 build/adc.o
 .comment       0x00000012       0x13 build/i2c.o
 .comment       0x00000012       0x13 build/usart.o
 .comment       0x00000012       0x13 build/stm32l4xx_it.o
 .comment       0x00000012       0x13 build/stm32l4xx_hal_msp.o
 .comment       0x00000012       0x13 build/user_diskio.o
 .comment       0x00000012       0x13 build/fatfs.o
 .comment       0x00000012       0x13 build/stm32l4xx_hal_adc.o
 .comment       0x00000012       0x13 build/stm32l4xx_hal_adc_ex.o
 .comment       0x00000012       0x13 build/stm32l4xx_hal.o
 .comment       0x00000012       0x13 build/stm32l4xx_hal_rcc.o
 .comment       0x00000012       0x13 build/stm32l4xx_hal_rcc_ex.o
 .comment       0x00000012       0x13 build/stm32l4xx_hal_gpio.o
 .comment       0x00000012       0x13 build/stm32l4xx_hal_i2c.o
 .comment       0x00000012       0x13 build/stm32l4xx_hal_i2c_ex.o
 .comment       0x00000012       0x13 build/stm32l4xx_hal_dma.o
 .comment       0x00000012       0x13 build/stm32l4xx_hal_pwr_ex.o
 .comment       0x00000012       0x13 build/stm32l4xx_hal_cortex.o
 .comment       0x00000012       0x13 build/stm32l4xx_hal_uart.o
 .comment       0x00000012       0x13 build/stm32l4xx_hal_uart_ex.o
 .comment       0x00000012       0x13 build/system_stm32l4xx.o
 .comment       0x00000012       0x13 build/ff_gen_drv.o
 .comment       0x00000012       0x13 build/spi.o
 .comment       0x00000012       0x13 build/stm32l4xx_hal_spi.o
 .comment       0x00000012       0x13 build/FATFS_SD.o
 .comment       0x00000012       0x13 C:/msys64/mingw64/bin/../lib/gcc/arm-none-eabi/13.3.0/../../../../arm-none-eabi/lib/thumb/v7e-m+fp/hard\libc_nano.a(libc_a-memset.o)
 .comment       0x00000012       0x13 C:/msys64/mingw64/bin/../lib/gcc/arm-none-eabi/13.3.0/../../../../arm-none-eabi/lib/thumb/v7e-m+fp/hard\libc_nano.a(libc_a-init.o)
 .comment       0x00000012       0x13 C:/msys64/mingw64/bin/../lib/gcc/arm-none-eabi/13.3.0/thumb/v7e-m+fp/hard\libgcc.a(_udivmoddi4.o)

.debug_info     0x00000000    0x23a15
 .debug_info    0x00000000      0x4f1 build/main.o
 .debug_info    0x000004f1      0x92a build/gpio.o
 .debug_info    0x00000e1b     0x1301 build/adc.o
 .debug_info    0x0000211c     0x1386 build/i2c.o
 .debug_info    0x000034a2     0x1273 build/usart.o
 .debug_info    0x00004715     0x158f build/stm32l4xx_it.o
 .debug_info    0x00005ca4      0x3b6 build/stm32l4xx_hal_msp.o
 .debug_info    0x0000605a      0x56b build/user_diskio.o
 .debug_info    0x000065c5      0x5d6 build/fatfs.o
 .debug_info    0x00006b9b     0x32af build/stm32l4xx_hal_adc.o
 .debug_info    0x00009e4a     0x2562 build/stm32l4xx_hal_adc_ex.o
 .debug_info    0x0000c3ac      0xdee build/stm32l4xx_hal.o
 .debug_info    0x0000d19a     0x10a6 build/stm32l4xx_hal_rcc.o
 .debug_info    0x0000e240     0x145a build/stm32l4xx_hal_rcc_ex.o
 .debug_info    0x0000f69a      0x962 build/stm32l4xx_hal_gpio.o
 .debug_info    0x0000fffc     0x46f7 build/stm32l4xx_hal_i2c.o
 .debug_info    0x000146f3      0xb91 build/stm32l4xx_hal_i2c_ex.o
 .debug_info    0x00015284      0x923 build/stm32l4xx_hal_dma.o
 .debug_info    0x00015ba7      0xb4d build/stm32l4xx_hal_pwr_ex.o
 .debug_info    0x000166f4     0x11a3 build/stm32l4xx_hal_cortex.o
 .debug_info    0x00017897     0x5599 build/stm32l4xx_hal_uart.o
 .debug_info    0x0001ce30     0x11da build/stm32l4xx_hal_uart_ex.o
 .debug_info    0x0001e00a      0x6ab build/system_stm32l4xx.o
 .debug_info    0x0001e6b5      0x480 build/ff_gen_drv.o
 .debug_info    0x0001eb35      0xe48 build/spi.o
 .debug_info    0x0001f97d     0x2267 build/stm32l4xx_hal_spi.o
 .debug_info    0x00021be4     0x145e build/FATFS_SD.o
 .debug_info    0x00023042       0x30 build/startup_stm32l433xx.o
 .debug_info    0x00023072      0x135 C:/msys64/mingw64/bin/../lib/gcc/arm-none-eabi/13.3.0/../../../../arm-none-eabi/lib/thumb/v7e-m+fp/hard\libc_nano.a(libc_a-memset.o)
 .debug_info    0x000231a7      0x10b C:/msys64/mingw64/bin/../lib/gcc/arm-none-eabi/13.3.0/../../../../arm-none-eabi/lib/thumb/v7e-m+fp/hard\libc_nano.a(libc_a-init.o)
 .debug_info    0x000232b2       0x24 C:/msys64/mingw64/bin/../lib/gcc/arm-none-eabi/13.3.0/thumb/v7e-m+fp/hard\libgcc.a(_aeabi_uldivmod.o)
 .debug_info    0x000232d6      0x703 C:/msys64/mingw64/bin/../lib/gcc/arm-none-eabi/13.3.0/thumb/v7e-m+fp/hard\libgcc.a(_udivmoddi4.o)
 .debug_info    0x000239d9       0x3c C:/msys64/mingw64/bin/../lib/gcc/arm-none-eabi/13.3.0/thumb/v7e-m+fp/hard\libgcc.a(_dvmd_tls.o)

.debug_abbrev   0x00000000     0x43bc
 .debug_abbrev  0x00000000      0x1c5 build/main.o
 .debug_abbrev  0x000001c5      0x181 build/gpio.o
 .debug_abbrev  0x00000346      0x221 build/adc.o
 .debug_abbrev  0x00000567      0x243 build/i2c.o
 .debug_abbrev  0x000007aa      0x221 build/usart.o
 .debug_abbrev  0x000009cb      0x1f7 build/stm32l4xx_it.o
 .debug_abbrev  0x00000bc2       0xeb build/stm32l4xx_hal_msp.o
 .debug_abbrev  0x00000cad      0x17e build/user_diskio.o
 .debug_abbrev  0x00000e2b      0x181 build/fatfs.o
 .debug_abbrev  0x00000fac      0x35b build/stm32l4xx_hal_adc.o
 .debug_abbrev  0x00001307      0x3c6 build/stm32l4xx_hal_adc_ex.o
 .debug_abbrev  0x000016cd      0x295 build/stm32l4xx_hal.o
 .debug_abbrev  0x00001962      0x2ef build/stm32l4xx_hal_rcc.o
 .debug_abbrev  0x00001c51      0x2d3 build/stm32l4xx_hal_rcc_ex.o
 .debug_abbrev  0x00001f24      0x23a build/stm32l4xx_hal_gpio.o
 .debug_abbrev  0x0000215e      0x307 build/stm32l4xx_hal_i2c.o
 .debug_abbrev  0x00002465      0x1cd build/stm32l4xx_hal_i2c_ex.o
 .debug_abbrev  0x00002632      0x23f build/stm32l4xx_hal_dma.o
 .debug_abbrev  0x00002871      0x244 build/stm32l4xx_hal_pwr_ex.o
 .debug_abbrev  0x00002ab5      0x3db build/stm32l4xx_hal_cortex.o
 .debug_abbrev  0x00002e90      0x352 build/stm32l4xx_hal_uart.o
 .debug_abbrev  0x000031e2      0x340 build/stm32l4xx_hal_uart_ex.o
 .debug_abbrev  0x00003522      0x12c build/system_stm32l4xx.o
 .debug_abbrev  0x0000364e      0x1da build/ff_gen_drv.o
 .debug_abbrev  0x00003828      0x229 build/spi.o
 .debug_abbrev  0x00003a51      0x2c7 build/stm32l4xx_hal_spi.o
 .debug_abbrev  0x00003d18      0x363 build/FATFS_SD.o
 .debug_abbrev  0x0000407b       0x1d build/startup_stm32l433xx.o
 .debug_abbrev  0x00004098       0xb7 C:/msys64/mingw64/bin/../lib/gcc/arm-none-eabi/13.3.0/../../../../arm-none-eabi/lib/thumb/v7e-m+fp/hard\libc_nano.a(libc_a-memset.o)
 .debug_abbrev  0x0000414f       0xc9 C:/msys64/mingw64/bin/../lib/gcc/arm-none-eabi/13.3.0/../../../../arm-none-eabi/lib/thumb/v7e-m+fp/hard\libc_nano.a(libc_a-init.o)
 .debug_abbrev  0x00004218       0x14 C:/msys64/mingw64/bin/../lib/gcc/arm-none-eabi/13.3.0/thumb/v7e-m+fp/hard\libgcc.a(_aeabi_uldivmod.o)
 .debug_abbrev  0x0000422c      0x16a C:/msys64/mingw64/bin/../lib/gcc/arm-none-eabi/13.3.0/thumb/v7e-m+fp/hard\libgcc.a(_udivmoddi4.o)
 .debug_abbrev  0x00004396       0x26 C:/msys64/mingw64/bin/../lib/gcc/arm-none-eabi/13.3.0/thumb/v7e-m+fp/hard\libgcc.a(_dvmd_tls.o)

.debug_loc      0x00000000    0x19ef3
 .debug_loc     0x00000000       0x66 build/main.o
 .debug_loc     0x00000066       0x39 build/gpio.o
 .debug_loc     0x0000009f      0x160 build/adc.o
 .debug_loc     0x000001ff      0x1a2 build/i2c.o
 .debug_loc     0x000003a1      0x1a2 build/usart.o
 .debug_loc     0x00000543      0x140 build/stm32l4xx_it.o
 .debug_loc     0x00000683       0x2c build/stm32l4xx_hal_msp.o
 .debug_loc     0x000006af      0x2cf build/user_diskio.o
 .debug_loc     0x0000097e       0x20 build/fatfs.o
 .debug_loc     0x0000099e     0x28c2 build/stm32l4xx_hal_adc.o
 .debug_loc     0x00003260     0x1da3 build/stm32l4xx_hal_adc_ex.o
 .debug_loc     0x00005003      0x2cd build/stm32l4xx_hal.o
 .debug_loc     0x000052d0      0xa09 build/stm32l4xx_hal_rcc.o
 .debug_loc     0x00005cd9     0x1a3c build/stm32l4xx_hal_rcc_ex.o
 .debug_loc     0x00007715      0x499 build/stm32l4xx_hal_gpio.o
 .debug_loc     0x00007bae     0x6469 build/stm32l4xx_hal_i2c.o
 .debug_loc     0x0000e017      0x243 build/stm32l4xx_hal_i2c_ex.o
 .debug_loc     0x0000e25a      0x9df build/stm32l4xx_hal_dma.o
 .debug_loc     0x0000ec39      0x8e1 build/stm32l4xx_hal_pwr_ex.o
 .debug_loc     0x0000f51a      0x8ff build/stm32l4xx_hal_cortex.o
 .debug_loc     0x0000fe19     0x5543 build/stm32l4xx_hal_uart.o
 .debug_loc     0x0001535c      0xe2e build/stm32l4xx_hal_uart_ex.o
 .debug_loc     0x0001618a      0x127 build/system_stm32l4xx.o
 .debug_loc     0x000162b1      0x37c build/ff_gen_drv.o
 .debug_loc     0x0001662d      0x120 build/spi.o
 .debug_loc     0x0001674d     0x290d build/stm32l4xx_hal_spi.o
 .debug_loc     0x0001905a      0xe99 build/FATFS_SD.o

.debug_aranges  0x00000000     0x1318
 .debug_aranges
                0x00000000       0x30 build/main.o
 .debug_aranges
                0x00000030       0x20 build/gpio.o
 .debug_aranges
                0x00000050       0x30 build/adc.o
 .debug_aranges
                0x00000080       0x38 build/i2c.o
 .debug_aranges
                0x000000b8       0x38 build/usart.o
 .debug_aranges
                0x000000f0       0xa8 build/stm32l4xx_it.o
 .debug_aranges
                0x00000198       0x20 build/stm32l4xx_hal_msp.o
 .debug_aranges
                0x000001b8       0x40 build/user_diskio.o
 .debug_aranges
                0x000001f8       0x28 build/fatfs.o
 .debug_aranges
                0x00000220      0x110 build/stm32l4xx_hal_adc.o
 .debug_aranges
                0x00000330       0xd8 build/stm32l4xx_hal_adc_ex.o
 .debug_aranges
                0x00000408      0x130 build/stm32l4xx_hal.o
 .debug_aranges
                0x00000538       0x90 build/stm32l4xx_hal_rcc.o
 .debug_aranges
                0x000005c8       0xf0 build/stm32l4xx_hal_rcc_ex.o
 .debug_aranges
                0x000006b8       0x58 build/stm32l4xx_hal_gpio.o
 .debug_aranges
                0x00000710      0x2a0 build/stm32l4xx_hal_i2c.o
 .debug_aranges
                0x000009b0       0x48 build/stm32l4xx_hal_i2c_ex.o
 .debug_aranges
                0x000009f8       0x80 build/stm32l4xx_hal_dma.o
 .debug_aranges
                0x00000a78      0x128 build/stm32l4xx_hal_pwr_ex.o
 .debug_aranges
                0x00000ba0       0xf0 build/stm32l4xx_hal_cortex.o
 .debug_aranges
                0x00000c90      0x228 build/stm32l4xx_hal_uart.o
 .debug_aranges
                0x00000eb8       0x80 build/stm32l4xx_hal_uart_ex.o
 .debug_aranges
                0x00000f38       0x28 build/system_stm32l4xx.o
 .debug_aranges
                0x00000f60       0x40 build/ff_gen_drv.o
 .debug_aranges
                0x00000fa0       0x30 build/spi.o
 .debug_aranges
                0x00000fd0      0x1d8 build/stm32l4xx_hal_spi.o
 .debug_aranges
                0x000011a8       0xa8 build/FATFS_SD.o
 .debug_aranges
                0x00001250       0x28 build/startup_stm32l433xx.o
 .debug_aranges
                0x00001278       0x20 C:/msys64/mingw64/bin/../lib/gcc/arm-none-eabi/13.3.0/../../../../arm-none-eabi/lib/thumb/v7e-m+fp/hard\libc_nano.a(libc_a-memset.o)
 .debug_aranges
                0x00001298       0x20 C:/msys64/mingw64/bin/../lib/gcc/arm-none-eabi/13.3.0/../../../../arm-none-eabi/lib/thumb/v7e-m+fp/hard\libc_nano.a(libc_a-init.o)
 .debug_aranges
                0x000012b8       0x20 C:/msys64/mingw64/bin/../lib/gcc/arm-none-eabi/13.3.0/thumb/v7e-m+fp/hard\libgcc.a(_aeabi_uldivmod.o)
 .debug_aranges
                0x000012d8       0x20 C:/msys64/mingw64/bin/../lib/gcc/arm-none-eabi/13.3.0/thumb/v7e-m+fp/hard\libgcc.a(_udivmoddi4.o)
 .debug_aranges
                0x000012f8       0x20 C:/msys64/mingw64/bin/../lib/gcc/arm-none-eabi/13.3.0/thumb/v7e-m+fp/hard\libgcc.a(_dvmd_tls.o)

.debug_ranges   0x00000000     0x1498
 .debug_ranges  0x00000000       0x20 build/main.o
 .debug_ranges  0x00000020       0x10 build/gpio.o
 .debug_ranges  0x00000030       0x20 build/adc.o
 .debug_ranges  0x00000050       0x28 build/i2c.o
 .debug_ranges  0x00000078       0x28 build/usart.o
 .debug_ranges  0x000000a0       0x98 build/stm32l4xx_it.o
 .debug_ranges  0x00000138       0x10 build/stm32l4xx_hal_msp.o
 .debug_ranges  0x00000148       0x30 build/user_diskio.o
 .debug_ranges  0x00000178       0x18 build/fatfs.o
 .debug_ranges  0x00000190      0x3a0 build/stm32l4xx_hal_adc.o
 .debug_ranges  0x00000530      0x1a0 build/stm32l4xx_hal_adc_ex.o
 .debug_ranges  0x000006d0      0x120 build/stm32l4xx_hal.o
 .debug_ranges  0x000007f0       0x98 build/stm32l4xx_hal_rcc.o
 .debug_ranges  0x00000888       0xf8 build/stm32l4xx_hal_rcc_ex.o
 .debug_ranges  0x00000980       0x48 build/stm32l4xx_hal_gpio.o
 .debug_ranges  0x000009c8      0x290 build/stm32l4xx_hal_i2c.o
 .debug_ranges  0x00000c58       0x38 build/stm32l4xx_hal_i2c_ex.o
 .debug_ranges  0x00000c90       0x70 build/stm32l4xx_hal_dma.o
 .debug_ranges  0x00000d00      0x118 build/stm32l4xx_hal_pwr_ex.o
 .debug_ranges  0x00000e18       0xe0 build/stm32l4xx_hal_cortex.o
 .debug_ranges  0x00000ef8      0x230 build/stm32l4xx_hal_uart.o
 .debug_ranges  0x00001128       0x88 build/stm32l4xx_hal_uart_ex.o
 .debug_ranges  0x000011b0       0x18 build/system_stm32l4xx.o
 .debug_ranges  0x000011c8       0x30 build/ff_gen_drv.o
 .debug_ranges  0x000011f8       0x20 build/spi.o
 .debug_ranges  0x00001218      0x1c8 build/stm32l4xx_hal_spi.o
 .debug_ranges  0x000013e0       0x98 build/FATFS_SD.o
 .debug_ranges  0x00001478       0x20 build/startup_stm32l433xx.o

.debug_line     0x00000000    0x17d04
 .debug_line    0x00000000      0x2e2 build/main.o
 .debug_line    0x000002e2      0x27d build/gpio.o
 .debug_line    0x0000055f      0x3cc build/adc.o
 .debug_line    0x0000092b      0x469 build/i2c.o
 .debug_line    0x00000d94      0x417 build/usart.o
 .debug_line    0x000011ab      0x3e9 build/stm32l4xx_it.o
 .debug_line    0x00001594      0x14f build/stm32l4xx_hal_msp.o
 .debug_line    0x000016e3      0x1ec build/user_diskio.o
 .debug_line    0x000018cf      0x19c build/fatfs.o
 .debug_line    0x00001a6b     0x2062 build/stm32l4xx_hal_adc.o
 .debug_line    0x00003acd     0x15a7 build/stm32l4xx_hal_adc_ex.o
 .debug_line    0x00005074      0x679 build/stm32l4xx_hal.o
 .debug_line    0x000056ed     0x1008 build/stm32l4xx_hal_rcc.o
 .debug_line    0x000066f5     0x13be build/stm32l4xx_hal_rcc_ex.o
 .debug_line    0x00007ab3      0x66e build/stm32l4xx_hal_gpio.o
 .debug_line    0x00008121     0x4e81 build/stm32l4xx_hal_i2c.o
 .debug_line    0x0000cfa2      0x3a5 build/stm32l4xx_hal_i2c_ex.o
 .debug_line    0x0000d347      0x9d0 build/stm32l4xx_hal_dma.o
 .debug_line    0x0000dd17      0x8fe build/stm32l4xx_hal_pwr_ex.o
 .debug_line    0x0000e615      0x7d7 build/stm32l4xx_hal_cortex.o
 .debug_line    0x0000edec     0x402b build/stm32l4xx_hal_uart.o
 .debug_line    0x00012e17      0x980 build/stm32l4xx_hal_uart_ex.o
 .debug_line    0x00013797      0x28a build/system_stm32l4xx.o
 .debug_line    0x00013a21      0x275 build/ff_gen_drv.o
 .debug_line    0x00013c96      0x2ea build/spi.o
 .debug_line    0x00013f80     0x28f9 build/stm32l4xx_hal_spi.o
 .debug_line    0x00016879      0xb77 build/FATFS_SD.o
 .debug_line    0x000173f0       0x73 build/startup_stm32l433xx.o
 .debug_line    0x00017463      0x1ca C:/msys64/mingw64/bin/../lib/gcc/arm-none-eabi/13.3.0/../../../../arm-none-eabi/lib/thumb/v7e-m+fp/hard\libc_nano.a(libc_a-memset.o)
 .debug_line    0x0001762d      0x13c C:/msys64/mingw64/bin/../lib/gcc/arm-none-eabi/13.3.0/../../../../arm-none-eabi/lib/thumb/v7e-m+fp/hard\libc_nano.a(libc_a-init.o)
 .debug_line    0x00017769       0x4e C:/msys64/mingw64/bin/../lib/gcc/arm-none-eabi/13.3.0/thumb/v7e-m+fp/hard\libgcc.a(_aeabi_uldivmod.o)
 .debug_line    0x000177b7      0x503 C:/msys64/mingw64/bin/../lib/gcc/arm-none-eabi/13.3.0/thumb/v7e-m+fp/hard\libgcc.a(_udivmoddi4.o)
 .debug_line    0x00017cba       0x4a C:/msys64/mingw64/bin/../lib/gcc/arm-none-eabi/13.3.0/thumb/v7e-m+fp/hard\libgcc.a(_dvmd_tls.o)

.debug_str      0x00000000     0x63f5
 .debug_str     0x00000000     0x63f5 build/main.o
                                0x451 (size before relaxing)
 .debug_str     0x000063f5      0x826 build/gpio.o
 .debug_str     0x000063f5      0xf5e build/adc.o
 .debug_str     0x000063f5      0xf56 build/i2c.o
 .debug_str     0x000063f5      0xed3 build/usart.o
 .debug_str     0x000063f5      0xf15 build/stm32l4xx_it.o
 .debug_str     0x000063f5      0x325 build/stm32l4xx_hal_msp.o
 .debug_str     0x000063f5      0x303 build/user_diskio.o
 .debug_str     0x000063f5      0x398 build/fatfs.o
 .debug_str     0x000063f5     0x10bc build/stm32l4xx_hal_adc.o
 .debug_str     0x000063f5      0xf48 build/stm32l4xx_hal_adc_ex.o
 .debug_str     0x000063f5      0xc90 build/stm32l4xx_hal.o
 .debug_str     0x000063f5      0x861 build/stm32l4xx_hal_rcc.o
 .debug_str     0x000063f5      0xbb6 build/stm32l4xx_hal_rcc_ex.o
 .debug_str     0x000063f5      0x558 build/stm32l4xx_hal_gpio.o
 .debug_str     0x000063f5      0xfe1 build/stm32l4xx_hal_i2c.o
 .debug_str     0x000063f5      0x8f1 build/stm32l4xx_hal_i2c_ex.o
 .debug_str     0x000063f5      0x65d build/stm32l4xx_hal_dma.o
 .debug_str     0x000063f5      0x7a7 build/stm32l4xx_hal_pwr_ex.o
 .debug_str     0x000063f5      0xb89 build/stm32l4xx_hal_cortex.o
 .debug_str     0x000063f5     0x101f build/stm32l4xx_hal_uart.o
 .debug_str     0x000063f5      0x93d build/stm32l4xx_hal_uart_ex.o
 .debug_str     0x000063f5      0x3e4 build/system_stm32l4xx.o
 .debug_str     0x000063f5      0x301 build/ff_gen_drv.o
 .debug_str     0x000063f5      0xc55 build/spi.o
 .debug_str     0x000063f5      0xbe3 build/stm32l4xx_hal_spi.o
 .debug_str     0x000063f5      0x81a build/FATFS_SD.o
 .debug_str     0x000063f5       0x7e build/startup_stm32l433xx.o
 .debug_str     0x000063f5      0x19b C:/msys64/mingw64/bin/../lib/gcc/arm-none-eabi/13.3.0/../../../../arm-none-eabi/lib/thumb/v7e-m+fp/hard\libc_nano.a(libc_a-memset.o)
 .debug_str     0x000063f5      0x1e8 C:/msys64/mingw64/bin/../lib/gcc/arm-none-eabi/13.3.0/../../../../arm-none-eabi/lib/thumb/v7e-m+fp/hard\libc_nano.a(libc_a-init.o)
 .debug_str     0x000063f5       0x7e C:/msys64/mingw64/bin/../lib/gcc/arm-none-eabi/13.3.0/thumb/v7e-m+fp/hard\libgcc.a(_aeabi_uldivmod.o)
 .debug_str     0x000063f5      0x696 C:/msys64/mingw64/bin/../lib/gcc/arm-none-eabi/13.3.0/thumb/v7e-m+fp/hard\libgcc.a(_udivmoddi4.o)
 .debug_str     0x000063f5       0x9e C:/msys64/mingw64/bin/../lib/gcc/arm-none-eabi/13.3.0/thumb/v7e-m+fp/hard\libgcc.a(_dvmd_tls.o)

.debug_frame    0x00000000     0x31d4
 .debug_frame   0x00000000       0x58 build/main.o
 .debug_frame   0x00000058       0x38 build/gpio.o
 .debug_frame   0x00000090       0x6c build/adc.o
 .debug_frame   0x000000fc       0x7c build/i2c.o
 .debug_frame   0x00000178       0x7c build/usart.o
 .debug_frame   0x000001f4      0x180 build/stm32l4xx_it.o
 .debug_frame   0x00000374       0x28 build/stm32l4xx_hal_msp.o
 .debug_frame   0x0000039c       0x88 build/user_diskio.o
 .debug_frame   0x00000424       0x38 build/fatfs.o
 .debug_frame   0x0000045c      0x328 build/stm32l4xx_hal_adc.o
 .debug_frame   0x00000784      0x250 build/stm32l4xx_hal_adc_ex.o
 .debug_frame   0x000009d4      0x274 build/stm32l4xx_hal.o
 .debug_frame   0x00000c48      0x19c build/stm32l4xx_hal_rcc.o
 .debug_frame   0x00000de4      0x25c build/stm32l4xx_hal_rcc_ex.o
 .debug_frame   0x00001040       0xd0 build/stm32l4xx_hal_gpio.o
 .debug_frame   0x00001110      0x974 build/stm32l4xx_hal_i2c.o
 .debug_frame   0x00001a84       0x80 build/stm32l4xx_hal_i2c_ex.o
 .debug_frame   0x00001b04      0x150 build/stm32l4xx_hal_dma.o
 .debug_frame   0x00001c54      0x248 build/stm32l4xx_hal_pwr_ex.o
 .debug_frame   0x00001e9c      0x204 build/stm32l4xx_hal_cortex.o
 .debug_frame   0x000020a0      0x600 build/stm32l4xx_hal_uart.o
 .debug_frame   0x000026a0      0x158 build/stm32l4xx_hal_uart_ex.o
 .debug_frame   0x000027f8       0x30 build/system_stm32l4xx.o
 .debug_frame   0x00002828       0x7c build/ff_gen_drv.o
 .debug_frame   0x000028a4       0x60 build/spi.o
 .debug_frame   0x00002904      0x600 build/stm32l4xx_hal_spi.o
 .debug_frame   0x00002f04      0x218 build/FATFS_SD.o
 .debug_frame   0x0000311c       0x2c C:/msys64/mingw64/bin/../lib/gcc/arm-none-eabi/13.3.0/../../../../arm-none-eabi/lib/thumb/v7e-m+fp/hard\libc_nano.a(libc_a-memset.o)
 .debug_frame   0x00003148       0x2c C:/msys64/mingw64/bin/../lib/gcc/arm-none-eabi/13.3.0/../../../../arm-none-eabi/lib/thumb/v7e-m+fp/hard\libc_nano.a(libc_a-init.o)
 .debug_frame   0x00003174       0x2c C:/msys64/mingw64/bin/../lib/gcc/arm-none-eabi/13.3.0/thumb/v7e-m+fp/hard\libgcc.a(_aeabi_uldivmod.o)
 .debug_frame   0x000031a0       0x34 C:/msys64/mingw64/bin/../lib/gcc/arm-none-eabi/13.3.0/thumb/v7e-m+fp/hard\libgcc.a(_udivmoddi4.o)

.debug_loclists
                0x00000000      0x98f
 .debug_loclists
                0x00000000      0x1c2 C:/msys64/mingw64/bin/../lib/gcc/arm-none-eabi/13.3.0/../../../../arm-none-eabi/lib/thumb/v7e-m+fp/hard\libc_nano.a(libc_a-memset.o)
 .debug_loclists
                0x000001c2       0x65 C:/msys64/mingw64/bin/../lib/gcc/arm-none-eabi/13.3.0/../../../../arm-none-eabi/lib/thumb/v7e-m+fp/hard\libc_nano.a(libc_a-init.o)
 .debug_loclists
                0x00000227      0x768 C:/msys64/mingw64/bin/../lib/gcc/arm-none-eabi/13.3.0/thumb/v7e-m+fp/hard\libgcc.a(_udivmoddi4.o)

.debug_line_str
                0x00000000       0x7e
 .debug_line_str
                0x00000000       0x7e C:/msys64/mingw64/bin/../lib/gcc/arm-none-eabi/13.3.0/thumb/v7e-m+fp/hard\libgcc.a(_aeabi_uldivmod.o)
                                 0x72 (size before relaxing)
 .debug_line_str
                0x0000007e       0x76 C:/msys64/mingw64/bin/../lib/gcc/arm-none-eabi/13.3.0/thumb/v7e-m+fp/hard\libgcc.a(_dvmd_tls.o)

.debug_rnglists
                0x00000000       0x6d
 .debug_rnglists
                0x00000000       0x6d C:/msys64/mingw64/bin/../lib/gcc/arm-none-eabi/13.3.0/thumb/v7e-m+fp/hard\libgcc.a(_udivmoddi4.o)

Cross Reference Table

Symbol                                            File
ADC1_IRQHandler                                   build/stm32l4xx_it.o
ADC_ConversionStop                                build/stm32l4xx_hal_adc.o
                                                  build/stm32l4xx_hal_adc_ex.o
ADC_DMAConvCplt                                   build/stm32l4xx_hal_adc.o
ADC_DMAError                                      build/stm32l4xx_hal_adc.o
ADC_DMAHalfConvCplt                               build/stm32l4xx_hal_adc.o
ADC_Disable                                       build/stm32l4xx_hal_adc.o
                                                  build/stm32l4xx_hal_adc_ex.o
ADC_Enable                                        build/stm32l4xx_hal_adc.o
                                                  build/stm32l4xx_hal_adc_ex.o
AHBPrescTable                                     build/system_stm32l4xx.o
                                                  build/stm32l4xx_hal_rcc.o
APBPrescTable                                     build/system_stm32l4xx.o
                                                  build/stm32l4xx_hal_rcc.o
BusFault_Handler                                  build/stm32l4xx_it.o
CAN1_RX0_IRQHandler                               build/startup_stm32l433xx.o
CAN1_RX1_IRQHandler                               build/startup_stm32l433xx.o
CAN1_SCE_IRQHandler                               build/startup_stm32l433xx.o
CAN1_TX_IRQHandler                                build/startup_stm32l433xx.o
COMP_IRQHandler                                   build/startup_stm32l433xx.o
CRS_IRQHandler                                    build/startup_stm32l433xx.o
DMA1_Channel1_IRQHandler                          build/startup_stm32l433xx.o
DMA1_Channel2_IRQHandler                          build/startup_stm32l433xx.o
DMA1_Channel3_IRQHandler                          build/startup_stm32l433xx.o
DMA1_Channel4_IRQHandler                          build/startup_stm32l433xx.o
DMA1_Channel5_IRQHandler                          build/startup_stm32l433xx.o
DMA1_Channel6_IRQHandler                          build/startup_stm32l433xx.o
DMA1_Channel7_IRQHandler                          build/startup_stm32l433xx.o
DMA2_Channel1_IRQHandler                          build/startup_stm32l433xx.o
DMA2_Channel2_IRQHandler                          build/startup_stm32l433xx.o
DMA2_Channel3_IRQHandler                          build/startup_stm32l433xx.o
DMA2_Channel4_IRQHandler                          build/startup_stm32l433xx.o
DMA2_Channel5_IRQHandler                          build/startup_stm32l433xx.o
DMA2_Channel6_IRQHandler                          build/startup_stm32l433xx.o
DMA2_Channel7_IRQHandler                          build/startup_stm32l433xx.o
DebugMon_Handler                                  build/stm32l4xx_it.o
Default_Handler                                   build/startup_stm32l433xx.o
EXTI0_IRQHandler                                  build/startup_stm32l433xx.o
EXTI15_10_IRQHandler                              build/startup_stm32l433xx.o
EXTI1_IRQHandler                                  build/startup_stm32l433xx.o
EXTI2_IRQHandler                                  build/startup_stm32l433xx.o
EXTI3_IRQHandler                                  build/startup_stm32l433xx.o
EXTI4_IRQHandler                                  build/stm32l4xx_it.o
EXTI9_5_IRQHandler                                build/startup_stm32l433xx.o
Error_Handler                                     build/main.o
                                                  build/spi.o
                                                  build/usart.o
                                                  build/i2c.o
                                                  build/adc.o
FATFS_GetAttachedDriversNbr                       build/ff_gen_drv.o
FATFS_LinkDriver                                  build/ff_gen_drv.o
                                                  build/fatfs.o
FATFS_LinkDriverEx                                build/ff_gen_drv.o
FATFS_UnLinkDriver                                build/ff_gen_drv.o
FATFS_UnLinkDriverEx                              build/ff_gen_drv.o
FLASH_FlushCaches                                 build/stm32l4xx_hal_flash_ex.o
                                                  build/stm32l4xx_hal_flash.o
FLASH_IRQHandler                                  build/startup_stm32l433xx.o
FLASH_PageErase                                   build/stm32l4xx_hal_flash_ex.o
                                                  build/stm32l4xx_hal_flash.o
FLASH_WaitForLastOperation                        build/stm32l4xx_hal_flash.o
                                                  build/stm32l4xx_hal_flash_ex.o
FPU_IRQHandler                                    build/startup_stm32l433xx.o
HAL_ADCEx_Calibration_GetValue                    build/stm32l4xx_hal_adc_ex.o
HAL_ADCEx_Calibration_SetValue                    build/stm32l4xx_hal_adc_ex.o
HAL_ADCEx_Calibration_Start                       build/stm32l4xx_hal_adc_ex.o
HAL_ADCEx_DisableInjectedQueue                    build/stm32l4xx_hal_adc_ex.o
HAL_ADCEx_DisableVoltageRegulator                 build/stm32l4xx_hal_adc_ex.o
HAL_ADCEx_EnableInjectedQueue                     build/stm32l4xx_hal_adc_ex.o
HAL_ADCEx_EndOfSamplingCallback                   build/stm32l4xx_hal_adc_ex.o
                                                  build/stm32l4xx_hal_adc.o
HAL_ADCEx_EnterADCDeepPowerDownMode               build/stm32l4xx_hal_adc_ex.o
HAL_ADCEx_InjectedConfigChannel                   build/stm32l4xx_hal_adc_ex.o
HAL_ADCEx_InjectedConvCpltCallback                build/stm32l4xx_hal_adc_ex.o
                                                  build/stm32l4xx_hal_adc.o
HAL_ADCEx_InjectedGetValue                        build/stm32l4xx_hal_adc_ex.o
HAL_ADCEx_InjectedPollForConversion               build/stm32l4xx_hal_adc_ex.o
HAL_ADCEx_InjectedQueueOverflowCallback           build/stm32l4xx_hal_adc_ex.o
                                                  build/stm32l4xx_hal_adc.o
HAL_ADCEx_InjectedStart                           build/stm32l4xx_hal_adc_ex.o
HAL_ADCEx_InjectedStart_IT                        build/stm32l4xx_hal_adc_ex.o
HAL_ADCEx_InjectedStop                            build/stm32l4xx_hal_adc_ex.o
HAL_ADCEx_InjectedStop_IT                         build/stm32l4xx_hal_adc_ex.o
HAL_ADCEx_LevelOutOfWindow2Callback               build/stm32l4xx_hal_adc_ex.o
                                                  build/stm32l4xx_hal_adc.o
HAL_ADCEx_LevelOutOfWindow3Callback               build/stm32l4xx_hal_adc_ex.o
                                                  build/stm32l4xx_hal_adc.o
HAL_ADCEx_RegularStop                             build/stm32l4xx_hal_adc_ex.o
HAL_ADCEx_RegularStop_DMA                         build/stm32l4xx_hal_adc_ex.o
HAL_ADCEx_RegularStop_IT                          build/stm32l4xx_hal_adc_ex.o
HAL_ADC_AnalogWDGConfig                           build/stm32l4xx_hal_adc.o
HAL_ADC_ConfigChannel                             build/stm32l4xx_hal_adc.o
                                                  build/adc.o
HAL_ADC_ConvCpltCallback                          build/stm32l4xx_hal_adc.o
HAL_ADC_ConvHalfCpltCallback                      build/stm32l4xx_hal_adc.o
HAL_ADC_DeInit                                    build/stm32l4xx_hal_adc.o
HAL_ADC_ErrorCallback                             build/stm32l4xx_hal_adc.o
HAL_ADC_GetError                                  build/stm32l4xx_hal_adc.o
HAL_ADC_GetState                                  build/stm32l4xx_hal_adc.o
HAL_ADC_GetValue                                  build/stm32l4xx_hal_adc.o
HAL_ADC_IRQHandler                                build/stm32l4xx_hal_adc.o
                                                  build/stm32l4xx_it.o
HAL_ADC_Init                                      build/stm32l4xx_hal_adc.o
                                                  build/adc.o
HAL_ADC_LevelOutOfWindowCallback                  build/stm32l4xx_hal_adc.o
HAL_ADC_MspDeInit                                 build/adc.o
HAL_ADC_MspInit                                   build/adc.o
HAL_ADC_PollForConversion                         build/stm32l4xx_hal_adc.o
HAL_ADC_PollForEvent                              build/stm32l4xx_hal_adc.o
HAL_ADC_Start                                     build/stm32l4xx_hal_adc.o
HAL_ADC_Start_DMA                                 build/stm32l4xx_hal_adc.o
HAL_ADC_Start_IT                                  build/stm32l4xx_hal_adc.o
HAL_ADC_Stop                                      build/stm32l4xx_hal_adc.o
HAL_ADC_Stop_DMA                                  build/stm32l4xx_hal_adc.o
HAL_ADC_Stop_IT                                   build/stm32l4xx_hal_adc.o
HAL_DBGMCU_DisableDBGSleepMode                    build/stm32l4xx_hal.o
HAL_DBGMCU_DisableDBGStandbyMode                  build/stm32l4xx_hal.o
HAL_DBGMCU_DisableDBGStopMode                     build/stm32l4xx_hal.o
HAL_DBGMCU_EnableDBGSleepMode                     build/stm32l4xx_hal.o
HAL_DBGMCU_EnableDBGStandbyMode                   build/stm32l4xx_hal.o
HAL_DBGMCU_EnableDBGStopMode                      build/stm32l4xx_hal.o
HAL_DMA_Abort                                     build/stm32l4xx_hal_dma.o
                                                  build/stm32l4xx_hal_spi.o
                                                  build/stm32l4xx_hal_uart.o
                                                  build/stm32l4xx_hal_adc_ex.o
                                                  build/stm32l4xx_hal_adc.o
HAL_DMA_Abort_IT                                  build/stm32l4xx_hal_dma.o
                                                  build/stm32l4xx_hal_spi.o
                                                  build/stm32l4xx_hal_uart.o
                                                  build/stm32l4xx_hal_i2c.o
HAL_DMA_DeInit                                    build/stm32l4xx_hal_dma.o
HAL_DMA_GetError                                  build/stm32l4xx_hal_dma.o
                                                  build/stm32l4xx_hal_uart.o
HAL_DMA_GetState                                  build/stm32l4xx_hal_dma.o
                                                  build/stm32l4xx_hal_i2c.o
HAL_DMA_IRQHandler                                build/stm32l4xx_hal_dma.o
HAL_DMA_Init                                      build/stm32l4xx_hal_dma.o
HAL_DMA_PollForTransfer                           build/stm32l4xx_hal_dma.o
HAL_DMA_RegisterCallback                          build/stm32l4xx_hal_dma.o
HAL_DMA_Start                                     build/stm32l4xx_hal_dma.o
HAL_DMA_Start_IT                                  build/stm32l4xx_hal_dma.o
                                                  build/stm32l4xx_hal_spi.o
                                                  build/stm32l4xx_hal_uart.o
                                                  build/stm32l4xx_hal_i2c.o
                                                  build/stm32l4xx_hal_adc.o
HAL_DMA_UnRegisterCallback                        build/stm32l4xx_hal_dma.o
HAL_DeInit                                        build/stm32l4xx_hal.o
HAL_Delay                                         build/stm32l4xx_hal.o
HAL_EXTI_ClearConfigLine                          build/stm32l4xx_hal_exti.o
HAL_EXTI_ClearPending                             build/stm32l4xx_hal_exti.o
HAL_EXTI_GenerateSWI                              build/stm32l4xx_hal_exti.o
HAL_EXTI_GetConfigLine                            build/stm32l4xx_hal_exti.o
HAL_EXTI_GetHandle                                build/stm32l4xx_hal_exti.o
HAL_EXTI_GetPending                               build/stm32l4xx_hal_exti.o
HAL_EXTI_IRQHandler                               build/stm32l4xx_hal_exti.o
HAL_EXTI_RegisterCallback                         build/stm32l4xx_hal_exti.o
HAL_EXTI_SetConfigLine                            build/stm32l4xx_hal_exti.o
HAL_FLASHEx_DisableRunPowerDown                   build/stm32l4xx_hal_flash_ramfunc.o
HAL_FLASHEx_EnableRunPowerDown                    build/stm32l4xx_hal_flash_ramfunc.o
HAL_FLASHEx_Erase                                 build/stm32l4xx_hal_flash_ex.o
HAL_FLASHEx_Erase_IT                              build/stm32l4xx_hal_flash_ex.o
HAL_FLASHEx_OBGetConfig                           build/stm32l4xx_hal_flash_ex.o
HAL_FLASHEx_OBProgram                             build/stm32l4xx_hal_flash_ex.o
HAL_FLASH_EndOfOperationCallback                  build/stm32l4xx_hal_flash.o
HAL_FLASH_GetError                                build/stm32l4xx_hal_flash.o
HAL_FLASH_IRQHandler                              build/stm32l4xx_hal_flash.o
HAL_FLASH_Lock                                    build/stm32l4xx_hal_flash.o
HAL_FLASH_OB_Launch                               build/stm32l4xx_hal_flash.o
HAL_FLASH_OB_Lock                                 build/stm32l4xx_hal_flash.o
HAL_FLASH_OB_Unlock                               build/stm32l4xx_hal_flash.o
HAL_FLASH_OperationErrorCallback                  build/stm32l4xx_hal_flash.o
HAL_FLASH_Program                                 build/stm32l4xx_hal_flash.o
HAL_FLASH_Program_IT                              build/stm32l4xx_hal_flash.o
HAL_FLASH_Unlock                                  build/stm32l4xx_hal_flash.o
HAL_GPIO_DeInit                                   build/stm32l4xx_hal_gpio.o
                                                  build/spi.o
                                                  build/usart.o
                                                  build/i2c.o
                                                  build/adc.o
HAL_GPIO_EXTI_Callback                            build/stm32l4xx_hal_gpio.o
HAL_GPIO_EXTI_IRQHandler                          build/stm32l4xx_hal_gpio.o
                                                  build/stm32l4xx_it.o
HAL_GPIO_Init                                     build/stm32l4xx_hal_gpio.o
                                                  build/spi.o
                                                  build/stm32l4xx_hal_rcc_ex.o
                                                  build/stm32l4xx_hal_rcc.o
                                                  build/usart.o
                                                  build/i2c.o
                                                  build/adc.o
                                                  build/gpio.o
HAL_GPIO_LockPin                                  build/stm32l4xx_hal_gpio.o
HAL_GPIO_ReadPin                                  build/stm32l4xx_hal_gpio.o
HAL_GPIO_TogglePin                                build/stm32l4xx_hal_gpio.o
HAL_GPIO_WritePin                                 build/stm32l4xx_hal_gpio.o
                                                  build/FATFS_SD.o
                                                  build/gpio.o
HAL_GetDEVID                                      build/stm32l4xx_hal.o
HAL_GetHalVersion                                 build/stm32l4xx_hal.o
HAL_GetREVID                                      build/stm32l4xx_hal.o
HAL_GetTick                                       build/stm32l4xx_hal.o
                                                  build/stm32l4xx_hal_spi.o
                                                  build/stm32l4xx_hal_uart_ex.o
                                                  build/stm32l4xx_hal_uart.o
                                                  build/stm32l4xx_hal_dma.o
                                                  build/stm32l4xx_hal_i2c.o
                                                  build/stm32l4xx_hal_flash.o
                                                  build/stm32l4xx_hal_rcc_ex.o
                                                  build/stm32l4xx_hal_rcc.o
                                                  build/stm32l4xx_hal_adc_ex.o
                                                  build/stm32l4xx_hal_adc.o
HAL_GetTickFreq                                   build/stm32l4xx_hal.o
HAL_GetTickPrio                                   build/stm32l4xx_hal.o
HAL_GetUIDw0                                      build/stm32l4xx_hal.o
HAL_GetUIDw1                                      build/stm32l4xx_hal.o
HAL_GetUIDw2                                      build/stm32l4xx_hal.o
HAL_HalfDuplex_EnableReceiver                     build/stm32l4xx_hal_uart.o
HAL_HalfDuplex_EnableTransmitter                  build/stm32l4xx_hal_uart.o
HAL_HalfDuplex_Init                               build/stm32l4xx_hal_uart.o
HAL_I2CEx_ConfigAnalogFilter                      build/stm32l4xx_hal_i2c_ex.o
                                                  build/i2c.o
HAL_I2CEx_ConfigDigitalFilter                     build/stm32l4xx_hal_i2c_ex.o
                                                  build/i2c.o
HAL_I2CEx_DisableFastModePlus                     build/stm32l4xx_hal_i2c_ex.o
HAL_I2CEx_DisableWakeUp                           build/stm32l4xx_hal_i2c_ex.o
HAL_I2CEx_EnableFastModePlus                      build/stm32l4xx_hal_i2c_ex.o
HAL_I2CEx_EnableWakeUp                            build/stm32l4xx_hal_i2c_ex.o
HAL_I2C_AbortCpltCallback                         build/stm32l4xx_hal_i2c.o
HAL_I2C_AddrCallback                              build/stm32l4xx_hal_i2c.o
HAL_I2C_DeInit                                    build/stm32l4xx_hal_i2c.o
HAL_I2C_DisableListen_IT                          build/stm32l4xx_hal_i2c.o
HAL_I2C_ER_IRQHandler                             build/stm32l4xx_hal_i2c.o
                                                  build/stm32l4xx_it.o
HAL_I2C_EV_IRQHandler                             build/stm32l4xx_hal_i2c.o
                                                  build/stm32l4xx_it.o
HAL_I2C_EnableListen_IT                           build/stm32l4xx_hal_i2c.o
HAL_I2C_ErrorCallback                             build/stm32l4xx_hal_i2c.o
HAL_I2C_GetError                                  build/stm32l4xx_hal_i2c.o
HAL_I2C_GetMode                                   build/stm32l4xx_hal_i2c.o
HAL_I2C_GetState                                  build/stm32l4xx_hal_i2c.o
HAL_I2C_Init                                      build/stm32l4xx_hal_i2c.o
                                                  build/i2c.o
HAL_I2C_IsDeviceReady                             build/stm32l4xx_hal_i2c.o
HAL_I2C_ListenCpltCallback                        build/stm32l4xx_hal_i2c.o
HAL_I2C_MasterRxCpltCallback                      build/stm32l4xx_hal_i2c.o
HAL_I2C_MasterTxCpltCallback                      build/stm32l4xx_hal_i2c.o
HAL_I2C_Master_Abort_IT                           build/stm32l4xx_hal_i2c.o
HAL_I2C_Master_Receive                            build/stm32l4xx_hal_i2c.o
HAL_I2C_Master_Receive_DMA                        build/stm32l4xx_hal_i2c.o
HAL_I2C_Master_Receive_IT                         build/stm32l4xx_hal_i2c.o
HAL_I2C_Master_Seq_Receive_DMA                    build/stm32l4xx_hal_i2c.o
HAL_I2C_Master_Seq_Receive_IT                     build/stm32l4xx_hal_i2c.o
HAL_I2C_Master_Seq_Transmit_DMA                   build/stm32l4xx_hal_i2c.o
HAL_I2C_Master_Seq_Transmit_IT                    build/stm32l4xx_hal_i2c.o
HAL_I2C_Master_Transmit                           build/stm32l4xx_hal_i2c.o
HAL_I2C_Master_Transmit_DMA                       build/stm32l4xx_hal_i2c.o
HAL_I2C_Master_Transmit_IT                        build/stm32l4xx_hal_i2c.o
HAL_I2C_MemRxCpltCallback                         build/stm32l4xx_hal_i2c.o
HAL_I2C_MemTxCpltCallback                         build/stm32l4xx_hal_i2c.o
HAL_I2C_Mem_Read                                  build/stm32l4xx_hal_i2c.o
HAL_I2C_Mem_Read_DMA                              build/stm32l4xx_hal_i2c.o
HAL_I2C_Mem_Read_IT                               build/stm32l4xx_hal_i2c.o
HAL_I2C_Mem_Write                                 build/stm32l4xx_hal_i2c.o
HAL_I2C_Mem_Write_DMA                             build/stm32l4xx_hal_i2c.o
HAL_I2C_Mem_Write_IT                              build/stm32l4xx_hal_i2c.o
HAL_I2C_MspDeInit                                 build/i2c.o
HAL_I2C_MspInit                                   build/i2c.o
HAL_I2C_SlaveRxCpltCallback                       build/stm32l4xx_hal_i2c.o
HAL_I2C_SlaveTxCpltCallback                       build/stm32l4xx_hal_i2c.o
HAL_I2C_Slave_Receive                             build/stm32l4xx_hal_i2c.o
HAL_I2C_Slave_Receive_DMA                         build/stm32l4xx_hal_i2c.o
HAL_I2C_Slave_Receive_IT                          build/stm32l4xx_hal_i2c.o
HAL_I2C_Slave_Seq_Receive_DMA                     build/stm32l4xx_hal_i2c.o
HAL_I2C_Slave_Seq_Receive_IT                      build/stm32l4xx_hal_i2c.o
HAL_I2C_Slave_Seq_Transmit_DMA                    build/stm32l4xx_hal_i2c.o
HAL_I2C_Slave_Seq_Transmit_IT                     build/stm32l4xx_hal_i2c.o
HAL_I2C_Slave_Transmit                            build/stm32l4xx_hal_i2c.o
HAL_I2C_Slave_Transmit_DMA                        build/stm32l4xx_hal_i2c.o
HAL_I2C_Slave_Transmit_IT                         build/stm32l4xx_hal_i2c.o
HAL_IncTick                                       build/stm32l4xx_hal.o
                                                  build/stm32l4xx_it.o
HAL_Init                                          build/stm32l4xx_hal.o
                                                  build/main.o
HAL_InitTick                                      build/stm32l4xx_hal.o
                                                  build/stm32l4xx_hal_rcc.o
HAL_LIN_Init                                      build/stm32l4xx_hal_uart.o
HAL_LIN_SendBreak                                 build/stm32l4xx_hal_uart.o
HAL_MPU_ConfigRegion                              build/stm32l4xx_hal_cortex.o
HAL_MPU_Disable                                   build/stm32l4xx_hal_cortex.o
HAL_MPU_DisableRegion                             build/stm32l4xx_hal_cortex.o
HAL_MPU_Enable                                    build/stm32l4xx_hal_cortex.o
HAL_MPU_EnableRegion                              build/stm32l4xx_hal_cortex.o
HAL_MspDeInit                                     build/stm32l4xx_hal.o
HAL_MspInit                                       build/stm32l4xx_hal_msp.o
HAL_MultiProcessorEx_AddressLength_Set            build/stm32l4xx_hal_uart_ex.o
HAL_MultiProcessor_DisableMuteMode                build/stm32l4xx_hal_uart.o
HAL_MultiProcessor_EnableMuteMode                 build/stm32l4xx_hal_uart.o
HAL_MultiProcessor_EnterMuteMode                  build/stm32l4xx_hal_uart.o
HAL_MultiProcessor_Init                           build/stm32l4xx_hal_uart.o
HAL_NVIC_ClearPendingIRQ                          build/stm32l4xx_hal_cortex.o
HAL_NVIC_DisableIRQ                               build/stm32l4xx_hal_cortex.o
                                                  build/spi.o
                                                  build/usart.o
                                                  build/i2c.o
                                                  build/adc.o
HAL_NVIC_EnableIRQ                                build/stm32l4xx_hal_cortex.o
                                                  build/spi.o
                                                  build/usart.o
                                                  build/i2c.o
                                                  build/adc.o
                                                  build/gpio.o
HAL_NVIC_GetActive                                build/stm32l4xx_hal_cortex.o
HAL_NVIC_GetPendingIRQ                            build/stm32l4xx_hal_cortex.o
HAL_NVIC_GetPriority                              build/stm32l4xx_hal_cortex.o
HAL_NVIC_GetPriorityGrouping                      build/stm32l4xx_hal_cortex.o
HAL_NVIC_SetPendingIRQ                            build/stm32l4xx_hal_cortex.o
HAL_NVIC_SetPriority                              build/stm32l4xx_hal_cortex.o
                                                  build/spi.o
                                                  build/stm32l4xx_hal.o
                                                  build/usart.o
                                                  build/i2c.o
                                                  build/adc.o
                                                  build/gpio.o
HAL_NVIC_SetPriorityGrouping                      build/stm32l4xx_hal_cortex.o
                                                  build/stm32l4xx_hal.o
HAL_NVIC_SystemReset                              build/stm32l4xx_hal_cortex.o
HAL_PWREx_ConfigPVM                               build/stm32l4xx_hal_pwr_ex.o
HAL_PWREx_ControlVoltageScaling                   build/stm32l4xx_hal_pwr_ex.o
                                                  build/main.o
HAL_PWREx_DisableBatteryCharging                  build/stm32l4xx_hal_pwr_ex.o
HAL_PWREx_DisableGPIOPullDown                     build/stm32l4xx_hal_pwr_ex.o
HAL_PWREx_DisableGPIOPullUp                       build/stm32l4xx_hal_pwr_ex.o
HAL_PWREx_DisableInternalWakeUpLine               build/stm32l4xx_hal_pwr_ex.o
HAL_PWREx_DisableLowPowerRunMode                  build/stm32l4xx_hal_pwr_ex.o
                                                  build/stm32l4xx_hal_pwr.o
HAL_PWREx_DisablePVM1                             build/stm32l4xx_hal_pwr_ex.o
HAL_PWREx_DisablePVM3                             build/stm32l4xx_hal_pwr_ex.o
HAL_PWREx_DisablePVM4                             build/stm32l4xx_hal_pwr_ex.o
HAL_PWREx_DisablePullUpPullDownConfig             build/stm32l4xx_hal_pwr_ex.o
HAL_PWREx_DisableSRAM2ContentRetention            build/stm32l4xx_hal_pwr_ex.o
HAL_PWREx_DisableVddUSB                           build/stm32l4xx_hal_pwr_ex.o
HAL_PWREx_EnableBatteryCharging                   build/stm32l4xx_hal_pwr_ex.o
HAL_PWREx_EnableGPIOPullDown                      build/stm32l4xx_hal_pwr_ex.o
HAL_PWREx_EnableGPIOPullUp                        build/stm32l4xx_hal_pwr_ex.o
HAL_PWREx_EnableInternalWakeUpLine                build/stm32l4xx_hal_pwr_ex.o
HAL_PWREx_EnableLowPowerRunMode                   build/stm32l4xx_hal_pwr_ex.o
                                                  build/stm32l4xx_hal_pwr.o
HAL_PWREx_EnablePVM1                              build/stm32l4xx_hal_pwr_ex.o
HAL_PWREx_EnablePVM3                              build/stm32l4xx_hal_pwr_ex.o
HAL_PWREx_EnablePVM4                              build/stm32l4xx_hal_pwr_ex.o
HAL_PWREx_EnablePullUpPullDownConfig              build/stm32l4xx_hal_pwr_ex.o
HAL_PWREx_EnableSRAM2ContentRetention             build/stm32l4xx_hal_pwr_ex.o
HAL_PWREx_EnableVddUSB                            build/stm32l4xx_hal_pwr_ex.o
HAL_PWREx_EnterSHUTDOWNMode                       build/stm32l4xx_hal_pwr_ex.o
HAL_PWREx_EnterSTOP0Mode                          build/stm32l4xx_hal_pwr_ex.o
                                                  build/stm32l4xx_hal_pwr.o
HAL_PWREx_EnterSTOP1Mode                          build/stm32l4xx_hal_pwr_ex.o
                                                  build/stm32l4xx_hal_pwr.o
HAL_PWREx_EnterSTOP2Mode                          build/stm32l4xx_hal_pwr_ex.o
HAL_PWREx_GetVoltageRange                         build/stm32l4xx_hal_pwr_ex.o
                                                  build/stm32l4xx_hal_rcc.o
HAL_PWREx_PVD_PVM_IRQHandler                      build/stm32l4xx_hal_pwr_ex.o
HAL_PWREx_PVM1Callback                            build/stm32l4xx_hal_pwr_ex.o
HAL_PWREx_PVM3Callback                            build/stm32l4xx_hal_pwr_ex.o
HAL_PWREx_PVM4Callback                            build/stm32l4xx_hal_pwr_ex.o
HAL_PWREx_SetSRAM2ContentRetention                build/stm32l4xx_hal_pwr_ex.o
HAL_PWR_ConfigPVD                                 build/stm32l4xx_hal_pwr.o
HAL_PWR_DeInit                                    build/stm32l4xx_hal_pwr.o
HAL_PWR_DisableBkUpAccess                         build/stm32l4xx_hal_pwr.o
                                                  build/stm32l4xx_hal_rcc_ex.o
HAL_PWR_DisablePVD                                build/stm32l4xx_hal_pwr.o
HAL_PWR_DisableSEVOnPend                          build/stm32l4xx_hal_pwr.o
HAL_PWR_DisableSleepOnExit                        build/stm32l4xx_hal_pwr.o
HAL_PWR_DisableWakeUpPin                          build/stm32l4xx_hal_pwr.o
HAL_PWR_EnableBkUpAccess                          build/stm32l4xx_hal_pwr.o
                                                  build/stm32l4xx_hal_rcc_ex.o
HAL_PWR_EnablePVD                                 build/stm32l4xx_hal_pwr.o
HAL_PWR_EnableSEVOnPend                           build/stm32l4xx_hal_pwr.o
HAL_PWR_EnableSleepOnExit                         build/stm32l4xx_hal_pwr.o
HAL_PWR_EnableWakeUpPin                           build/stm32l4xx_hal_pwr.o
HAL_PWR_EnterSLEEPMode                            build/stm32l4xx_hal_pwr.o
HAL_PWR_EnterSTANDBYMode                          build/stm32l4xx_hal_pwr.o
HAL_PWR_EnterSTOPMode                             build/stm32l4xx_hal_pwr.o
HAL_PWR_PVDCallback                               build/stm32l4xx_hal_pwr.o
                                                  build/stm32l4xx_hal_pwr_ex.o
HAL_RCCEx_CRSConfig                               build/stm32l4xx_hal_rcc_ex.o
HAL_RCCEx_CRSGetSynchronizationInfo               build/stm32l4xx_hal_rcc_ex.o
HAL_RCCEx_CRSSoftwareSynchronizationGenerate      build/stm32l4xx_hal_rcc_ex.o
HAL_RCCEx_CRSWaitSynchronization                  build/stm32l4xx_hal_rcc_ex.o
HAL_RCCEx_CRS_ErrorCallback                       build/stm32l4xx_hal_rcc_ex.o
HAL_RCCEx_CRS_ExpectedSyncCallback                build/stm32l4xx_hal_rcc_ex.o
HAL_RCCEx_CRS_IRQHandler                          build/stm32l4xx_hal_rcc_ex.o
HAL_RCCEx_CRS_SyncOkCallback                      build/stm32l4xx_hal_rcc_ex.o
HAL_RCCEx_CRS_SyncWarnCallback                    build/stm32l4xx_hal_rcc_ex.o
HAL_RCCEx_DisableLSCO                             build/stm32l4xx_hal_rcc_ex.o
HAL_RCCEx_DisableLSECSS                           build/stm32l4xx_hal_rcc_ex.o
HAL_RCCEx_DisableMSIPLLMode                       build/stm32l4xx_hal_rcc_ex.o
HAL_RCCEx_DisablePLLSAI1                          build/stm32l4xx_hal_rcc_ex.o
HAL_RCCEx_EnableLSCO                              build/stm32l4xx_hal_rcc_ex.o
HAL_RCCEx_EnableLSECSS                            build/stm32l4xx_hal_rcc_ex.o
HAL_RCCEx_EnableLSECSS_IT                         build/stm32l4xx_hal_rcc_ex.o
HAL_RCCEx_EnableMSIPLLMode                        build/stm32l4xx_hal_rcc_ex.o
HAL_RCCEx_EnablePLLSAI1                           build/stm32l4xx_hal_rcc_ex.o
HAL_RCCEx_GetPeriphCLKConfig                      build/stm32l4xx_hal_rcc_ex.o
HAL_RCCEx_GetPeriphCLKFreq                        build/stm32l4xx_hal_rcc_ex.o
HAL_RCCEx_LSECSS_Callback                         build/stm32l4xx_hal_rcc_ex.o
HAL_RCCEx_LSECSS_IRQHandler                       build/stm32l4xx_hal_rcc_ex.o
HAL_RCCEx_PeriphCLKConfig                         build/stm32l4xx_hal_rcc_ex.o
                                                  build/usart.o
                                                  build/i2c.o
                                                  build/adc.o
HAL_RCCEx_StandbyMSIRangeConfig                   build/stm32l4xx_hal_rcc_ex.o
HAL_RCCEx_WakeUpStopCLKConfig                     build/stm32l4xx_hal_rcc_ex.o
HAL_RCC_CSSCallback                               build/stm32l4xx_hal_rcc.o
HAL_RCC_ClockConfig                               build/stm32l4xx_hal_rcc.o
                                                  build/main.o
HAL_RCC_DeInit                                    build/stm32l4xx_hal_rcc.o
HAL_RCC_EnableCSS                                 build/stm32l4xx_hal_rcc.o
HAL_RCC_GetClockConfig                            build/stm32l4xx_hal_rcc.o
HAL_RCC_GetHCLKFreq                               build/stm32l4xx_hal_rcc.o
HAL_RCC_GetOscConfig                              build/stm32l4xx_hal_rcc.o
HAL_RCC_GetPCLK1Freq                              build/stm32l4xx_hal_rcc.o
                                                  build/stm32l4xx_hal_uart.o
                                                  build/stm32l4xx_hal_rcc_ex.o
HAL_RCC_GetPCLK2Freq                              build/stm32l4xx_hal_rcc.o
                                                  build/stm32l4xx_hal_uart.o
                                                  build/stm32l4xx_hal_rcc_ex.o